Component: ARM Compiler 5.06 update 7 (build 960) Tool: armlink [4d3601]

==============================================================================

Section Cross References

    startup_stm32f407xx.o(STACK) refers (Special) to heapauxi.o(.text) for __use_two_region_memory
    startup_stm32f407xx.o(HEAP) refers (Special) to heapauxi.o(.text) for __use_two_region_memory
    startup_stm32f407xx.o(RESET) refers (Special) to heapauxi.o(.text) for __use_two_region_memory
    startup_stm32f407xx.o(RESET) refers to startup_stm32f407xx.o(STACK) for __initial_sp
    startup_stm32f407xx.o(RESET) refers to startup_stm32f407xx.o(.text) for Reset_Handler
    startup_stm32f407xx.o(RESET) refers to stm32f4xx_it.o(i.NMI_Handler) for NMI_Handler
    startup_stm32f407xx.o(RESET) refers to stm32f4xx_it.o(i.HardFault_Handler) for HardFault_Handler
    startup_stm32f407xx.o(RESET) refers to stm32f4xx_it.o(i.MemManage_Handler) for MemManage_Handler
    startup_stm32f407xx.o(RESET) refers to stm32f4xx_it.o(i.BusFault_Handler) for BusFault_Handler
    startup_stm32f407xx.o(RESET) refers to stm32f4xx_it.o(i.UsageFault_Handler) for UsageFault_Handler
    startup_stm32f407xx.o(RESET) refers to port.o(.emb_text) for SVC_Handler
    startup_stm32f407xx.o(RESET) refers to stm32f4xx_it.o(i.DebugMon_Handler) for DebugMon_Handler
    startup_stm32f407xx.o(RESET) refers to cmsis_os2.o(i.SysTick_Handler) for SysTick_Handler
    startup_stm32f407xx.o(RESET) refers to stm32f4xx_it.o(i.RCC_IRQHandler) for RCC_IRQHandler
    startup_stm32f407xx.o(RESET) refers to stm32f4xx_it.o(i.DMA1_Stream0_IRQHandler) for DMA1_Stream0_IRQHandler
    startup_stm32f407xx.o(RESET) refers to stm32f4xx_it.o(i.DMA1_Stream1_IRQHandler) for DMA1_Stream1_IRQHandler
    startup_stm32f407xx.o(RESET) refers to stm32f4xx_it.o(i.DMA1_Stream3_IRQHandler) for DMA1_Stream3_IRQHandler
    startup_stm32f407xx.o(RESET) refers to stm32f4xx_it.o(i.DMA1_Stream4_IRQHandler) for DMA1_Stream4_IRQHandler
    startup_stm32f407xx.o(RESET) refers to stm32f4xx_it.o(i.DMA1_Stream5_IRQHandler) for DMA1_Stream5_IRQHandler
    startup_stm32f407xx.o(RESET) refers to stm32f4xx_it.o(i.CAN1_RX0_IRQHandler) for CAN1_RX0_IRQHandler
    startup_stm32f407xx.o(RESET) refers to stm32f4xx_it.o(i.I2C2_EV_IRQHandler) for I2C2_EV_IRQHandler
    startup_stm32f407xx.o(RESET) refers to stm32f4xx_it.o(i.I2C2_ER_IRQHandler) for I2C2_ER_IRQHandler
    startup_stm32f407xx.o(RESET) refers to stm32f4xx_it.o(i.USART1_IRQHandler) for USART1_IRQHandler
    startup_stm32f407xx.o(RESET) refers to stm32f4xx_it.o(i.USART3_IRQHandler) for USART3_IRQHandler
    startup_stm32f407xx.o(RESET) refers to stm32f4xx_it.o(i.TIM8_UP_TIM13_IRQHandler) for TIM8_UP_TIM13_IRQHandler
    startup_stm32f407xx.o(RESET) refers to stm32f4xx_it.o(i.DMA1_Stream7_IRQHandler) for DMA1_Stream7_IRQHandler
    startup_stm32f407xx.o(RESET) refers to stm32f4xx_it.o(i.DMA2_Stream1_IRQHandler) for DMA2_Stream1_IRQHandler
    startup_stm32f407xx.o(RESET) refers to stm32f4xx_it.o(i.DMA2_Stream2_IRQHandler) for DMA2_Stream2_IRQHandler
    startup_stm32f407xx.o(RESET) refers to stm32f4xx_it.o(i.CAN2_RX1_IRQHandler) for CAN2_RX1_IRQHandler
    startup_stm32f407xx.o(RESET) refers to stm32f4xx_it.o(i.OTG_FS_IRQHandler) for OTG_FS_IRQHandler
    startup_stm32f407xx.o(RESET) refers to stm32f4xx_it.o(i.USART6_IRQHandler) for USART6_IRQHandler
    startup_stm32f407xx.o(.text) refers (Special) to heapauxi.o(.text) for __use_two_region_memory
    startup_stm32f407xx.o(.text) refers to system_stm32f4xx_1.o(i.SystemInit) for SystemInit
    startup_stm32f407xx.o(.text) refers to __main.o(!!!main) for __main
    startup_stm32f407xx.o(.text) refers to startup_stm32f407xx.o(HEAP) for Heap_Mem
    startup_stm32f407xx.o(.text) refers to startup_stm32f407xx.o(STACK) for Stack_Mem
    adc.o(i.HAL_ADC_MspDeInit) refers to stm32f4xx_hal_gpio.o(i.HAL_GPIO_DeInit) for HAL_GPIO_DeInit
    adc.o(i.HAL_ADC_MspInit) refers to rt_memclr_w.o(.text) for __aeabi_memclr4
    adc.o(i.HAL_ADC_MspInit) refers to stm32f4xx_hal_gpio.o(i.HAL_GPIO_Init) for HAL_GPIO_Init
    adc.o(i.MX_ADC1_Init) refers to stm32f4xx_hal_adc.o(i.HAL_ADC_Init) for HAL_ADC_Init
    adc.o(i.MX_ADC1_Init) refers to main.o(i.Error_Handler) for Error_Handler
    adc.o(i.MX_ADC1_Init) refers to stm32f4xx_hal_adc.o(i.HAL_ADC_ConfigChannel) for HAL_ADC_ConfigChannel
    adc.o(i.MX_ADC1_Init) refers to adc.o(.bss) for .bss
    adc.o(i.MX_ADC2_Init) refers to stm32f4xx_hal_adc.o(i.HAL_ADC_Init) for HAL_ADC_Init
    adc.o(i.MX_ADC2_Init) refers to main.o(i.Error_Handler) for Error_Handler
    adc.o(i.MX_ADC2_Init) refers to stm32f4xx_hal_adc.o(i.HAL_ADC_ConfigChannel) for HAL_ADC_ConfigChannel
    adc.o(i.MX_ADC2_Init) refers to adc.o(.bss) for .bss
    can.o(i.HAL_CAN_MspDeInit) refers to stm32f4xx_hal_gpio.o(i.HAL_GPIO_DeInit) for HAL_GPIO_DeInit
    can.o(i.HAL_CAN_MspDeInit) refers to stm32f4xx_hal_cortex.o(i.HAL_NVIC_DisableIRQ) for HAL_NVIC_DisableIRQ
    can.o(i.HAL_CAN_MspDeInit) refers to can.o(.data) for .data
[...]
    cdc2rs485b_tx_loop                       0x08009215   Thumb Code   140  loop_function.o(i.cdc2rs485b_tx_loop)
    cdc_rx_loop                              0x080092a9   Thumb Code    22  loop_function.o(i.cdc_rx_loop)
    cdc_rx_loop_helper                       0x080092c1   Thumb Code  1546  loop_function.o(i.cdc_rx_loop_helper)
    cdc_tx_loop                              0x080098dd   Thumb Code    36  loop_function.o(i.cdc_tx_loop)
    compute_sha256                           0x08009905   Thumb Code    38  sha256.o(i.compute_sha256)
    crc_ccitt                                0x0800992b   Thumb Code    34  crc16.o(i.crc_ccitt)
    crc_ccitt_byte                           0x0800994d   Thumb Code    20  crc16.o(i.crc_ccitt_byte)
    data_rx_loop                             0x08009965   Thumb Code  1078  loop_function.o(i.data_rx_loop)
    error_assert                             0x08009da1   Thumb Code     2  error.o(i.error_assert)
    error_assert_int                         0x08009da3   Thumb Code     2  error.o(i.error_assert_int)
    init_loop                                0x08009da5   Thumb Code    28  loop_function.o(i.init_loop)
    init_task                                0x08009dc5   Thumb Code   202  loop_function.o(i.init_task)
    main                                     0x08009ea1   Thumb Code    84  main.o(i.main)
    osDelay                                  0x08009ef9   Thumb Code    26  cmsis_os2.o(i.osDelay)
    osKernelInitialize                       0x08009f15   Thumb Code    32  cmsis_os2.o(i.osKernelInitialize)
    osKernelStart                            0x08009f39   Thumb Code    48  cmsis_os2.o(i.osKernelStart)
    osThreadNew                              0x08009f71   Thumb Code   138  cmsis_os2.o(i.osThreadNew)
    pvPortMalloc                             0x0800a791   Thumb Code   216  heap_4.o(i.pvPortMalloc)
    pxPortInitialiseStack                    0x0800a86d   Thumb Code    40  port.o(i.pxPortInitialiseStack)
    sha256_final                             0x0800a899   Thumb Code   316  sha256.o(i.sha256_final)
    sha256_init                              0x0800a9d5   Thumb Code    44  sha256.o(i.sha256_init)
    sha256_transform                         0x0800aa21   Thumb Code   558  sha256.o(i.sha256_transform)
    sha256_update                            0x0800ac55   Thumb Code    68  sha256.o(i.sha256_update)
    spi2can_tx_loop                          0x0800ac99   Thumb Code   174  loop_function.o(i.spi2can_tx_loop)
    spi2rs485a_tx_loop                       0x0800ad51   Thumb Code   140  loop_function.o(i.spi2rs485a_tx_loop)
    spi2rs485b_tx_loop                       0x0800ade5   Thumb Code   140  loop_function.o(i.spi2rs485b_tx_loop)
    spi_rx_loop                              0x0800ae79   Thumb Code  2360  loop_function.o(i.spi_rx_loop)
    update_can                               0x0800b7bd   Thumb Code   164  loop_function.o(i.update_can)
    update_usart                             0x0800b865   Thumb Code   148  loop_function.o(i.update_usart)
    uxListRemove                             0x0800b8f9   Thumb Code    38  list.o(i.uxListRemove)
    vApplicationGetIdleTaskMemory            0x0800b921   Thumb Code    16  cmsis_os2.o(i.vApplicationGetIdleTaskMemory)
    vApplicationGetTimerTaskMemory           0x0800b935   Thumb Code    18  cmsis_os2.o(i.vApplicationGetTimerTaskMemory)
    vListInitialise                          0x0800b94d   Thumb Code    22  list.o(i.vListInitialise)
    vListInitialiseItem                      0x0800b963   Thumb Code     6  list.o(i.vListInitialiseItem)
    vListInsert                              0x0800b969   Thumb Code    48  list.o(i.vListInsert)
    vListInsertEnd                           0x0800b999   Thumb Code    24  list.o(i.vListInsertEnd)
    vPortEnterCritical                       0x0800b9b1   Thumb Code    54  port.o(i.vPortEnterCritical)
    vPortExitCritical                        0x0800b9f1   Thumb Code    34  port.o(i.vPortExitCritical)
    vPortFree                                0x0800ba19   Thumb Code    94  heap_4.o(i.vPortFree)
    vPortSetupTimerInterrupt                 0x0800ba7d   Thumb Code    32  port.o(i.vPortSetupTimerInterrupt)
    vPortValidateInterruptPriority           0x0800baa1   Thumb Code    74  port.o(i.vPortValidateInterruptPriority)
    vQueueAddToRegistry                      0x0800baf5   Thumb Code    34  queue.o(i.vQueueAddToRegistry)
    vQueueWaitForMessageRestricted           0x0800bb1d   Thumb Code    68  queue.o(i.vQueueWaitForMessageRestricted)
    vTaskDelay                               0x0800bb61   Thumb Code    66  tasks.o(i.vTaskDelay)
    vTaskInternalSetTimeOutState             0x0800bbad   Thumb Code    12  tasks.o(i.vTaskInternalSetTimeOutState)
    vTaskMissedYield                         0x0800bbbd   Thumb Code     8  tasks.o(i.vTaskMissedYield)
    vTaskPlaceOnEventList                    0x0800bbc9   Thumb Code    44  tasks.o(i.vTaskPlaceOnEventList)
    vTaskPlaceOnEventListRestricted          0x0800bbf9   Thumb Code    52  tasks.o(i.vTaskPlaceOnEventListRestricted)
    vTaskStartScheduler                      0x0800bc31   Thumb Code   118  tasks.o(i.vTaskStartScheduler)
    vTaskSuspendAll                          0x0800bcb9   Thumb Code    10  tasks.o(i.vTaskSuspendAll)
    vTaskSwitchContext                       0x0800bcc9   Thumb Code    90  tasks.o(i.vTaskSwitchContext)
    verify_mcu_id_whitelist                  0x0800bd2d   Thumb Code   100  loop_function.o(i.verify_mcu_id_whitelist)
    xPortStartScheduler                      0x0800bd99   Thumb Code   222  port.o(i.xPortStartScheduler)
    xPortSysTickHandler                      0x0800be8d   Thumb Code    38  port.o(i.xPortSysTickHandler)
    xQueueGenericCreateStatic                0x0800beb9   Thumb Code   102  queue.o(i.xQueueGenericCreateStatic)
    xQueueGenericReset                       0x0800bf21   Thumb Code   132  queue.o(i.xQueueGenericReset)
    xQueueGenericSend                        0x0800bfa9   Thumb Code   346  queue.o(i.xQueueGenericSend)
    xQueueGenericSendFromISR                 0x0800c109   Thumb Code   190  queue.o(i.xQueueGenericSendFromISR)
    xQueueReceive                            0x0800c1c9   Thumb Code   308  queue.o(i.xQueueReceive)
    xTaskCheckForTimeOut                     0x0800c301   Thumb Code   112  tasks.o(i.xTaskCheckForTimeOut)
    xTaskCreate                              0x0800c375   Thumb Code    90  tasks.o(i.xTaskCreate)
    xTaskCreateStatic                        0x0800c3cf   Thumb Code    86  tasks.o(i.xTaskCreateStatic)
    xTaskGetSchedulerState                   0x0800c425   Thumb Code    22  tasks.o(i.xTaskGetSchedulerState)
    xTaskGetTickCount                        0x0800c441   Thumb Code     6  tasks.o(i.xTaskGetTickCount)
    xTaskIncrementTick                       0x0800c44d   Thumb Code   192  tasks.o(i.xTaskIncrementTick)
    xTaskPriorityDisinherit                  0x0800c515   Thumb Code   118  tasks.o(i.xTaskPriorityDisinherit)
    xTaskRemoveFromEventList                 0x0800c595   Thumb Code    98  tasks.o(i.xTaskRemoveFromEventList)
    xTaskResumeAll                           0x0800c605   Thumb Code   182  tasks.o(i.xTaskResumeAll)
    xTimerCreateTimerTask                    0x0800c6c9   Thumb Code    78  timers.o(i.xTimerCreateTimerTask)
    xTimerGenericCommand                     0x0800c729   Thumb Code    98  timers.o(i.xTimerGenericCommand)
    _fp_init                                 0x0800c791   Thumb Code    10  fpinit.o(x$fpl$fpinit)
    __fplib_config_fpu_vfp                   0x0800c799   Thumb Code     0  fpinit.o(x$fpl$fpinit)
    __fplib_config_pureend_doubles           0x0800c799   Thumb Code     0  fpinit.o(x$fpl$fpinit)
    defaultTask_attributes                   0x0800c79c   Data          36  freertos.o(.constdata)
    cdcRXTask_attributes                     0x0800c7c0   Data          36  freertos.o(.constdata)
    canTXTask_attributes                     0x0800c7e4   Data          36  freertos.o(.constdata)
    dataRXTask_attributes                    0x0800c808   Data          36  freertos.o(.constdata)
    cdcTXTask_attributes                     0x0800c82c   Data          36  freertos.o(.constdata)
    spiRXTask06_attributes                   0x0800c850   Data          36  freertos.o(.constdata)
    usartTXTask_attributes                   0x0800c874   Data          36  freertos.o(.constdata)
    i2cRXTask_attributes                     0x0800c898   Data          36  freertos.o(.constdata)
    adcRXTask_attributes                     0x0800c8bc   Data          36  freertos.o(.constdata)
    rs485ATXTask_attributes                  0x0800c8e0   Data          36  freertos.o(.constdata)
    rs485BTXTask_attributes                  0x0800c904   Data          36  freertos.o(.constdata)
    AHBPrescTable                            0x0800c930   Data          16  system_stm32f4xx_1.o(.constdata)
    APBPrescTable                            0x0800c940   Data           8  system_stm32f4xx_1.o(.constdata)
    mcu_crc16                                0x0800c948   Data          64  loop_function.o(.constdata)
    crc_ccitt_table                          0x0800c988   Data         512  crc16.o(.constdata)
    Region$$Table$$Base                      0x0800cd14   Number         0  anon$$obj.o(Region$$Table)
    Region$$Table$$Limit                     0x0800cd34   Number         0  anon$$obj.o(Region$$Table)
    hcrc                                     0x20000004   Data           8  crc.o(.data)
    defaultTaskHandle                        0x2000000c   Data           4  freertos.o(.data)
    cdcRXTaskHandle                          0x20000010   Data           4  freertos.o(.data)
    canTXTaskHandle                          0x20000014   Data           4  freertos.o(.data)
    dataRXTaskHandle                         0x20000018   Data           4  freertos.o(.data)
    cdcTXTaskHandle                          0x2000001c   Data           4  freertos.o(.data)
    spiRXTask06Handle                        0x20000020   Data           4  freertos.o(.data)
    usartTXTaskHandle                        0x20000024   Data           4  freertos.o(.data)
    i2cRXTaskHandle                          0x20000028   Data           4  freertos.o(.data)
    adcRXTaskHandle                          0x2000002c   Data           4  freertos.o(.data)
    rs485ATXTaskHandle                       0x20000030   Data           4  freertos.o(.data)
    rs485BTXTaskHandle                       0x20000034   Data           4  freertos.o(.data)
    FS_Desc                                  0x20000038   Data          28  usbd_desc.o(.data)
    USBD_LangIDDesc                          0x20000054   Data           4  usbd_desc.o(.data)
    USBD_FS_DeviceDesc                       0x20000058   Data          18  usbd_desc.o(.data)
    USBD_StringSerial                        0x2000006c   Data          26  usbd_desc.o(.data)
    LineCoding                               0x20000088   Data           8  usbd_cdc_if.o(.data)
    USBD_Interface_fops_FS                   0x20000090   Data          20  usbd_cdc_if.o(.data)
    uwTickFreq                               0x200000a4   Data           1  stm32f4xx_hal.o(.data)
    uwTickPrio                               0x200000a8   Data           4  stm32f4xx_hal.o(.data)
    uwTick                                   0x200000ac   Data           4  stm32f4xx_hal.o(.data)
    SystemCoreClock                          0x200000b0   Data           4  system_stm32f4xx_1.o(.data)
    pxCurrentTCB                             0x200000b4   Data           4  tasks.o(.data)
    USBD_CDC                                 0x2000018c   Data          56  usbd_cdc.o(.data)
    g_verify_mcu_whitelist                   0x200001c4   Data           4  loop_function.o(.data)
    error_null                               0x200001c8   Data           1  loop_function.o(.data)
    cdc_mode                                 0x200001c9   Data           1  loop_function.o(.data)
    cdcATOK                                  0x200001ca   Data           4  loop_function.o(.data)
    g_rs485A_tx_cmplt                        0x200001d0   Data           4  loop_function.o(.data)
    g_rs485B_tx_cmplt                        0x200001d4   Data           4  loop_function.o(.data)
    hadc1                                    0x200001d8   Data          72  adc.o(.bss)
    hadc2                                    0x20000220   Data          72  adc.o(.bss)
    hcan1                                    0x20000268   Data          40  can.o(.bss)
    hcan2                                    0x20000290   Data          40  can.o(.bss)
    hi2c2                                    0x200002b8   Data          84  i2c.o(.bss)
    hdma_i2c2_rx                             0x2000030c   Data          96  i2c.o(.bss)
    hdma_i2c2_tx                             0x2000036c   Data          96  i2c.o(.bss)
    hspi3                                    0x200003cc   Data          88  spi.o(.bss)
    hdma_spi3_rx                             0x20000424   Data          96  spi.o(.bss)
    hdma_spi3_tx                             0x20000484   Data          96  spi.o(.bss)
    huart1                                   0x200004e4   Data          72  usart.o(.bss)
    huart3                                   0x2000052c   Data          72  usart.o(.bss)
    huart6                                   0x20000574   Data          72  usart.o(.bss)
    hdma_usart1_rx                           0x200005bc   Data          96  usart.o(.bss)
    hdma_usart3_rx                           0x2000061c   Data          96  usart.o(.bss)
    hdma_usart3_tx                           0x2000067c   Data          96  usart.o(.bss)
    hdma_usart6_rx                           0x200006dc   Data          96  usart.o(.bss)
    htim13                                   0x2000073c   Data          72  stm32f4xx_hal_timebase_tim.o(.bss)
    hUsbDeviceFS                             0x20000784   Data         732  usb_device.o(.bss)
    USBD_StrDesc                             0x20000a60   Data         512  usbd_desc.o(.bss)
    UserRxBufferFS                           0x20000c60   Data        2048  usbd_cdc_if.o(.bss)
    UserTxBufferFS                           0x20001460   Data        2048  usbd_cdc_if.o(.bss)
    hpcd_USB_OTG_FS                          0x20001e80   Data        1252  usbd_conf.o(.bss)
    xQueueRegistry                           0x20002364   Data          64  queue.o(.bss)
    cdcRxQueue                               0x20006c38   Data         706  loop_function.o(.bss)
    cdcTxQueue                               0x20006efa   Data         706  loop_function.o(.bss)
    spiRxQueue                               0x200071bc   Data         738  loop_function.o(.bss)
    spiTxQueue                               0x2000749e   Data         738  loop_function.o(.bss)
    spiTxBuf                                 0x20007780   Data          20  loop_function.o(.bss)
    i2c2usartTxQueue                         0x20007794   Data         706  loop_function.o(.bss)
    adc2usartTxQueue                         0x20007a56   Data         706  loop_function.o(.bss)
    rs485ARxQueue                            0x20007d18   Data         708  loop_function.o(.bss)
    rs485BRxQueue                            0x20007fdc   Data         708  loop_function.o(.bss)
    cdc2rs485ATxQueue                        0x200082a0   Data         708  loop_function.o(.bss)
    cdc2rs485BTxQueue                        0x20008564   Data         708  loop_function.o(.bss)
    spi2rs485ATxQueue                        0x20008828   Data         708  loop_function.o(.bss)
    spi2rs485BTxQueue                        0x20008aec   Data         708  loop_function.o(.bss)
    i2cRxQueue                               0x20008db0   Data          46  loop_function.o(.bss)
    adcRxQueue                               0x20008dde   Data          46  loop_function.o(.bss)
    canRxQueue                               0x20008e0c   Data         292  loop_function.o(.bss)
    cdc2canTxQueue                           0x20008f30   Data        1412  loop_function.o(.bss)
    spi2canTxQueue                           0x200094b4   Data        1412  loop_function.o(.bss)
    __libspace_start                         0x20009a38   Data          96  libspace.o(.bss)
    __temporary_stack_top$libspace           0x20009a98   Data           0  libspace.o(.bss)



==============================================================================

Memory Map of the image

  Image Entry point : 0x08000189

  Load Region LR_IROM1 (Base: 0x08000000, Size: 0x0000cf0c, Max: 0x00080000, ABSOLUTE, COMPRESSED[0x0000ce04])

    Execution Region ER_IROM1 (Exec base: 0x08000000, Load base: 0x08000000, Size: 0x0000cd34, Max: 0x00080000, ABSOLUTE)

    Exec Addr    Load Addr    Size         Type   Attr      Idx    E Section Name        Object

    0x08000000   0x08000000   0x00000188   Data   RO            3    RESET               startup_stm32f407xx.o
    0x08000188   0x08000188   0x00000008   Code   RO         8968  * !!!main             c_w.l(__main.o)
    0x08000190   0x08000190   0x00000034   Code   RO         9168    !!!scatter          c_w.l(__scatter.o)
    0x080001c4   0x080001c4   0x0000005a   Code   RO         9166    !!dczerorl2         c_w.l(__dczerorl2.o)
    0x0800021e   0x0800021e   0x00000002   PAD
    0x08000220   0x08000220   0x0000001c   Code   RO         9170    !!handler_zi        c_w.l(__scatter_zi.o)
    0x0800023c   0x0800023c   0x00000002   Code   RO         9034    .ARM.Collect$$libinit$$00000000  c_w.l(libinit.o)
    0x0800023e   0x0800023e   0x00000004   Code   RO         9046    .ARM.Collect$$libinit$$00000001  c_w.l(libinit2.o)
    0x08000242   0x08000242   0x00000000   Code   RO         9049    .ARM.Collect$$libinit$$00000004  c_w.l(libinit2.o)
    0x08000242   0x08000242   0x00000000   Code   RO         9052    .ARM.Collect$$libinit$$0000000A  c_w.l(libinit2.o)
    0x08000242   0x08000242   0x00000000   Code   RO         9054    .ARM.Collect$$libinit$$0000000C  c_w.l(libinit2.o)
    0x08000242   0x08000242   0x00000000   Code   RO         9056    .ARM.Collect$$libinit$$0000000E  c_w.l(libinit2.o)
    0x08000242   0x08000242   0x00000000   Code   RO         9059    .ARM.Collect$$libinit$$00000011  c_w.l(libinit2.o)
    0x08000242   0x08000242   0x00000000   Code   RO         9061    .ARM.Collect$$libinit$$00000013  c_w.l(libinit2.o)
    0x08000242   0x08000242   0x00000000   Code   RO         9063    .ARM.Collect$$libinit$$00000015  c_w.l(libinit2.o)
    0x08000242   0x08000242   0x00000000   Code   RO         9065    .ARM.Collect$$libinit$$00000017  c_w.l(libinit2.o)
    0x08000242   0x08000242   0x00000000   Code   RO         9067    .ARM.Collect$$libinit$$00000019  c_w.l(libinit2.o)
    0x08000242   0x08000242   0x00000000   Code   RO         9069    .ARM.Collect$$libinit$$0000001B  c_w.l(libinit2.o)
    0x08000242   0x08000242   0x00000000   Code   RO         9071    .ARM.Collect$$libinit$$0000001D  c_w.l(libinit2.o)
    0x08000242   0x08000242   0x00000000   Code   RO         9073    .ARM.Collect$$libinit$$0000001F  c_w.l(libinit2.o)
    0x08000242   0x08000242   0x00000000   Code   RO         9075    .ARM.Collect$$libinit$$00000021  c_w.l(libinit2.o)
    0x08000242   0x08000242   0x00000000   Code   RO         9077    .ARM.Collect$$libinit$$00000023  c_w.l(libinit2.o)
    0x08000242   0x08000242   0x00000000   Code   RO         9079    .ARM.Collect$$libinit$$00000025  c_w.l(libinit2.o)
    0x08000242   0x08000242   0x00000000   Code   RO         9083    .ARM.Collect$$libinit$$0000002C  c_w.l(libinit2.o)
    0x08000242   0x08000242   0x00000000   Code   RO         9085    .ARM.Collect$$libinit$$0000002E  c_w.l(libinit2.o)
    0x08000242   0x08000242   0x00000000   Code   RO         9087    .ARM.Collect$$libinit$$00000030  c_w.l(libinit2.o)
    0x08000242   0x08000242   0x00000000   Code   RO         9089    .ARM.Collect$$libinit$$00000032  c_w.l(libinit2.o)
    0x08000242   0x08000242   0x00000002   Code   RO         9090    .ARM.Collect$$libinit$$00000033  c_w.l(libinit2.o)
    0x08000244   0x08000244   0x00000002   Code   RO         9121    .ARM.Collect$$libshutdown$$00000000  c_w.l(libshutdown.o)
    0x08000246   0x08000246   0x00000000   Code   RO         9147    .ARM.Collect$$libshutdown$$00000002  c_w.l(libshutdown2.o)
    0x08000246   0x08000246   0x00000000   Code   RO         9149    .ARM.Collect$$libshutdown$$00000004  c_w.l(libshutdown2.o)
    0x08000246   0x08000246   0x00000000   Code   RO         9151    .ARM.Collect$$libshutdown$$00000006  c_w.l(libshutdown2.o)
    0x08000246   0x08000246   0x00000000   Code   RO         9154    .ARM.Collect$$libshutdown$$00000009  c_w.l(libshutdown2.o)
    0x08000246   0x08000246   0x00000000   Code   RO         9157    .ARM.Collect$$libshutdown$$0000000C  c_w.l(libshutdown2.o)
    0x08000246   0x08000246   0x00000000   Code   RO         9159    .ARM.Collect$$libshutdown$$0000000E  c_w.l(libshutdown2.o)
    0x08000246   0x08000246   0x00000000   Code   RO         9162    .ARM.Collect$$libshutdown$$00000011  c_w.l(libshutdown2.o)
    0x08000246   0x08000246   0x00000002   Code   RO         9163    .ARM.Collect$$libshutdown$$00000012  c_w.l(libshutdown2.o)
    0x08000248   0x08000248   0x00000000   Code   RO         8990    .ARM.Collect$$rtentry$$00000000  c_w.l(__rtentry.o)
    0x08000248   0x08000248   0x00000000   Code   RO         9005    .ARM.Collect$$rtentry$$00000002  c_w.l(__rtentry2.o)
    0x08000248   0x08000248   0x00000006   Code   RO         9017    .ARM.Collect$$rtentry$$00000004  c_w.l(__rtentry4.o)
    0x0800024e   0x0800024e   0x00000000   Code   RO         9007    .ARM.Collect$$rtentry$$00000009  c_w.l(__rtentry2.o)
    0x0800024e   0x0800024e   0x00000004   Code   RO         9008    .ARM.Collect$$rtentry$$0000000A  c_w.l(__rtentry2.o)
    0x08000252   0x08000252   0x00000000   Code   RO         9010    .ARM.Collect$$rtentry$$0000000C  c_w.l(__rtentry2.o)
    0x08000252   0x08000252   0x00000008   Code   RO         9011    .ARM.Collect$$rtentry$$0000000D  c_w.l(__rtentry2.o)
    0x0800025a   0x0800025a   0x00000002   Code   RO         9038    .ARM.Collect$$rtexit$$00000000  c_w.l(rtexit.o)
    0x0800025c   0x0800025c   0x00000000   Code   RO         9094    .ARM.Collect$$rtexit$$00000002  c_w.l(rtexit2.o)
    0x0800025c   0x0800025c   0x00000004   Code   RO         9095    .ARM.Collect$$rtexit$$00000003  c_w.l(rtexit2.o)
    0x08000260   0x08000260   0x00000006   Code   RO         9096    .ARM.Collect$$rtexit$$00000004  c_w.l(rtexit2.o)
    0x08000266   0x08000266   0x00000002   PAD
    0x08000268   0x08000268   0x000000be   Code   RO         7589    .emb_text           port.o
    0x08000326   0x08000326   0x00000002   PAD
    0x08000328   0x08000328   0x00000004   Code   RO         8156    .rev16_text         libloop_function.lib(loop_function.o)
    0x0800032c   0x0800032c   0x00000040   Code   RO            4    .text               startup_stm32f407xx.o
    0x0800036c   0x0800036c   0x000000ee   Code   RO         8954    .text               c_w.l(lludivv7m.o)
    0x0800045a   0x0800045a   0x0000008a   Code   RO         8956    .text               c_w.l(rt_memcpy_v6.o)
    0x080004e4   0x080004e4   0x00000010   Code   RO         8960    .text               c_w.l(aeabi_memset.o)
    0x080004f4   0x080004f4   0x00000044   Code   RO         8962    .text               c_w.l(rt_memclr.o)
    0x08000538   0x08000538   0x0000004e   Code   RO         8964    .text               c_w.l(rt_memclr_w.o)
    0x08000586   0x08000586   0x00000006   Code   RO         8966    .text               c_w.l(heapauxi.o)
    0x0800058c   0x0800058c   0x00000064   Code   RO         8995    .text               c_w.l(rt_memcpy_w.o)
    0x080005f0   0x080005f0   0x0000004a   Code   RO         9021    .text               c_w.l(sys_stackheap_outer.o)
    0x0800063a   0x0800063a   0x00000012   Code   RO         9023    .text               c_w.l(exit.o)
    0x0800064c   0x0800064c   0x00000008   Code   RO         9035    .text               c_w.l(libspace.o)
    0x08000654   0x08000654   0x0000000c   Code   RO         9091    .text               c_w.l(sys_exit.o)
    0x08000660   0x08000660   0x00000002   Code   RO         9110    .text               c_w.l(use_no_semi.o)
    0x08000662   0x08000662   0x00000000   Code   RO         9112    .text               c_w.l(indicate_semi.o)
    0x08000662   0x08000662   0x00000002   PAD
    0x08000664   0x08000664   0x00000128   Code   RO         4144    i.ADC_Init          stm32f4xx_hal_adc.o
    0x0800078c   0x0800078c   0x00000002   Code   RO          881    i.BusFault_Handler  stm32f4xx_it.o
    0x0800078e   0x0800078e   0x00000002   PAD
    0x08000790   0x08000790   0x0000000c   Code   RO          882    i.CAN1_RX0_IRQHandler  stm32f4xx_it.o
    0x0800079c   0x0800079c   0x0000000c   Code   RO          883    i.CAN2_RX1_IRQHandler  stm32f4xx_it.o
    0x080007a8   0x080007a8   0x000000b0   Code   RO         1168    i.CDC_Control_FS    usbd_cdc_if.o
    0x08000858   0x08000858   0x00000004   Code   RO         1169    i.CDC_DeInit_FS     usbd_cdc_if.o
    0x0800085c   0x0800085c   0x00000034   Code   RO         1170    i.CDC_Init_FS       usbd_cdc_if.o
    0x08000890   0x08000890   0x00000048   Code   RO         1171    i.CDC_Receive_FS    usbd_cdc_if.o
    0x080008d8   0x080008d8   0x00000004   Code   RO         1172    i.CDC_TransmitCplt_FS  usbd_cdc_if.o
    0x080008dc   0x080008dc   0x0000000c   Code   RO          884    i.DMA1_Stream0_IRQHandler  stm32f4xx_it.o
    0x080008e8   0x080008e8   0x0000000c   Code   RO          885    i.DMA1_Stream1_IRQHandler  stm32f4xx_it.o
    0x080008f4   0x080008f4   0x0000000c   Code   RO          886    i.DMA1_Stream3_IRQHandler  stm32f4xx_it.o
    0x08000900   0x08000900   0x0000000c   Code   RO          887    i.DMA1_Stream4_IRQHandler  stm32f4xx_it.o
    0x0800090c   0x0800090c   0x0000000c   Code   RO          888    i.DMA1_Stream5_IRQHandler  stm32f4xx_it.o
    0x08000918   0x08000918   0x0000000c   Code   RO          889    i.DMA1_Stream7_IRQHandler  stm32f4xx_it.o
    0x08000924   0x08000924   0x0000000c   Code   RO          890    i.DMA2_Stream1_IRQHandler  stm32f4xx_it.o
    0x08000930   0x08000930   0x0000000c   Code   RO          891    i.DMA2_Stream2_IRQHandler  stm32f4xx_it.o
    0x0800093c   0x0800093c   0x00000028   Code   RO         3450    i.DMA_CalcBaseAndBitshift  stm32f4xx_hal_dma.o
    0x08000964   0x08000964   0x00000054   Code   RO         3451    i.DMA_CheckFifoParam  stm32f4xx_hal_dma.o
    0x080009b8   0x080009b8   0x00000028   Code   RO         3452    i.DMA_SetConfig     stm32f4xx_hal_dma.o
    0x080009e0   0x080009e0   0x00000002   Code   RO          892    i.DebugMon_Handler  stm32f4xx_it.o
    0x080009e2   0x080009e2   0x000000ee   Code   RO         8159    i.Decode_CDC_To_CAN_ADVANCED  libloop_function.lib(loop_function.o)
    0x08000ad0   0x08000ad0   0x00000070   Code   RO         8160    i.Decode_CDC_To_CAN_NORMAL  libloop_function.lib(loop_function.o)
    0x08000b40   0x08000b40   0x00000030   Code   RO         8161    i.Decode_CDC_To_RS485  libloop_function.lib(loop_function.o)
    0x08000b70   0x08000b70   0x00000074   Code   RO         8162    i.Decode_SPI_To_CAN  libloop_function.lib(loop_function.o)
    0x08000be4   0x08000be4   0x00000030   Code   RO         8163    i.Decode_SPI_To_RS485  libloop_function.lib(loop_function.o)
    0x08000c14   0x08000c14   0x000001b4   Code   RO         8164    i.Encode_CAN_To_CDC  libloop_function.lib(loop_function.o)
    0x08000dc8   0x08000dc8   0x000000c4   Code   RO         8165    i.Encode_CAN_To_SPI  libloop_function.lib(loop_function.o)
    0x08000e8c   0x08000e8c   0x00000030   Code   RO         8166    i.Encode_RS485_To_CDC  libloop_function.lib(loop_function.o)
    0x08000ebc   0x08000ebc   0x00000030   Code   RO         8167    i.Encode_RS485_To_SPI  libloop_function.lib(loop_function.o)
    0x08000eec   0x08000eec   0x00000004   Code   RO          641    i.Error_Handler     main.o
    0x08000ef0   0x08000ef0   0x0000014c   Code   RO         4146    i.HAL_ADC_ConfigChannel  stm32f4xx_hal_adc.o
    0x0800103c   0x0800103c   0x00000004   Code   RO         4152    i.HAL_ADC_GetState  stm32f4xx_hal_adc.o
    0x08001040   0x08001040   0x00000006   Code   RO         4153    i.HAL_ADC_GetValue  stm32f4xx_hal_adc.o
    0x08001046   0x08001046   0x00000054   Code   RO         4155    i.HAL_ADC_Init      stm32f4xx_hal_adc.o
    0x0800109a   0x0800109a   0x00000002   PAD
    0x0800109c   0x0800109c   0x00000090   Code   RO           14    i.HAL_ADC_MspInit   adc.o
    0x0800112c   0x0800112c   0x000000aa   Code   RO         4159    i.HAL_ADC_PollForConversion  stm32f4xx_hal_adc.o
    0x080011d6   0x080011d6   0x00000002   PAD
    0x080011d8   0x080011d8   0x000000fc   Code   RO         4161    i.HAL_ADC_Start     stm32f4xx_hal_adc.o
    0x080012d4   0x080012d4   0x00000024   Code   RO         4420    i.HAL_CAN_ActivateNotification  stm32f4xx_hal_can.o
    0x080012f8   0x080012f8   0x000000d0   Code   RO         4421    i.HAL_CAN_AddTxMessage  stm32f4xx_hal_can.o
    0x080013c8   0x080013c8   0x0000010c   Code   RO         4422    i.HAL_CAN_ConfigFilter  stm32f4xx_hal_can.o
    0x080014d4   0x080014d4   0x00000002   Code   RO         4425    i.HAL_CAN_ErrorCallback  stm32f4xx_hal_can.o
    0x080014d6   0x080014d6   0x000000f4   Code   RO         4428    i.HAL_CAN_GetRxMessage  stm32f4xx_hal_can.o
    0x080015ca   0x080015ca   0x0000002c   Code   RO         4430    i.HAL_CAN_GetTxMailboxesFreeLevel  stm32f4xx_hal_can.o
    0x080015f6   0x080015f6   0x000001fc   Code   RO         4432    i.HAL_CAN_IRQHandler  stm32f4xx_hal_can.o
    0x080017f2   0x080017f2   0x0000011a   Code   RO         4433    i.HAL_CAN_Init      stm32f4xx_hal_can.o
    0x0800190c   0x0800190c   0x00000104   Code   RO          192    i.HAL_CAN_MspInit   can.o
    0x08001a10   0x08001a10   0x00000002   Code   RO         4440    i.HAL_CAN_RxFifo0FullCallback  stm32f4xx_hal_can.o
    0x08001a12   0x08001a12   0x00000032   Code   RO          193    i.HAL_CAN_RxFifo0MsgPendingCallback  can.o
    0x08001a44   0x08001a44   0x00000002   Code   RO         4442    i.HAL_CAN_RxFifo1FullCallback  stm32f4xx_hal_can.o
    0x08001a46   0x08001a46   0x00000032   Code   RO          194    i.HAL_CAN_RxFifo1MsgPendingCallback  can.o
    0x08001a78   0x08001a78   0x00000002   Code   RO         4444    i.HAL_CAN_SleepCallback  stm32f4xx_hal_can.o
    0x08001a7a   0x08001a7a   0x00000002   PAD
    0x08001a7c   0x08001a7c   0x00000058   Code   RO         4445    i.HAL_CAN_Start     stm32f4xx_hal_can.o
    0x08001ad4   0x08001ad4   0x00000060   Code   RO         4446    i.HAL_CAN_Stop      stm32f4xx_hal_can.o
    0x08001b34   0x08001b34   0x00000002   Code   RO         4447    i.HAL_CAN_TxMailbox0AbortCallback  stm32f4xx_hal_can.o
    0x08001b36   0x08001b36   0x00000002   Code   RO         4448    i.HAL_CAN_TxMailbox0CompleteCallback  stm32f4xx_hal_can.o
    0x08001b38   0x08001b38   0x00000002   Code   RO         4449    i.HAL_CAN_TxMailbox1AbortCallback  stm32f4xx_hal_can.o
    0x08001b3a   0x08001b3a   0x00000002   Code   RO         4450    i.HAL_CAN_TxMailbox1CompleteCallback  stm32f4xx_hal_can.o
    0x08001b3c   0x08001b3c   0x00000002   Code   RO         4451    i.HAL_CAN_TxMailbox2AbortCallback  stm32f4xx_hal_can.o
    0x08001b3e   0x08001b3e   0x00000002   Code   RO         4452    i.HAL_CAN_TxMailbox2CompleteCallback  stm32f4xx_hal_can.o
    0x08001b40   0x08001b40   0x00000002   Code   RO         4454    i.HAL_CAN_WakeUpFromRxMsgCallback  stm32f4xx_hal_can.o
    0x08001b42   0x08001b42   0x00000022   Code   RO         4657    i.HAL_CRC_Init      stm32f4xx_hal_crc.o
    0x08001b64   0x08001b64   0x00000028   Code   RO          262    i.HAL_CRC_MspInit   crc.o
    0x08001b8c   0x08001b8c   0x00000092   Code   RO         3453    i.HAL_DMA_Abort     stm32f4xx_hal_dma.o
    0x08001c1e   0x08001c1e   0x00000024   Code   RO         3454    i.HAL_DMA_Abort_IT  stm32f4xx_hal_dma.o
    0x08001c42   0x08001c42   0x00000062   Code   RO         3455    i.HAL_DMA_DeInit    stm32f4xx_hal_dma.o
    0x08001ca4   0x08001ca4   0x00000006   Code   RO         3457    i.HAL_DMA_GetState  stm32f4xx_hal_dma.o
    0x08001caa   0x08001caa   0x00000002   PAD
    0x08001cac   0x08001cac   0x000001a0   Code   RO         3458    i.HAL_DMA_IRQHandler  stm32f4xx_hal_dma.o
    0x08001e4c   0x08001e4c   0x000000d4   Code   RO         3459    i.HAL_DMA_Init      stm32f4xx_hal_dma.o
    0x08001f20   0x08001f20   0x0000006e   Code   RO         3463    i.HAL_DMA_Start_IT  stm32f4xx_hal_dma.o
    0x08001f8e   0x08001f8e   0x00000002   PAD
    0x08001f90   0x08001f90   0x00000024   Code   RO         3890    i.HAL_Delay         stm32f4xx_hal.o
    0x08001fb4   0x08001fb4   0x00000168   Code   RO         3343    i.HAL_GPIO_DeInit   stm32f4xx_hal_gpio.o
    0x0800211c   0x0800211c   0x000001f0   Code   RO         3346    i.HAL_GPIO_Init     stm32f4xx_hal_gpio.o
    0x0800230c   0x0800230c   0x00000010   Code   RO         3349    i.HAL_GPIO_TogglePin  stm32f4xx_hal_gpio.o
    0x0800231c   0x0800231c   0x0000000a   Code   RO         3350    i.HAL_GPIO_WritePin  stm32f4xx_hal_gpio.o
    0x08002326   0x08002326   0x00000002   PAD
    0x08002328   0x08002328   0x0000000c   Code   RO         3896    i.HAL_GetTick       stm32f4xx_hal.o
    0x08002334   0x08002334   0x0000000c   Code   RO         3899    i.HAL_GetUIDw0      stm32f4xx_hal.o
    0x08002340   0x08002340   0x0000000c   Code   RO         3900    i.HAL_GetUIDw1      stm32f4xx_hal.o
    0x0800234c   0x0800234c   0x0000000c   Code   RO         3901    i.HAL_GetUIDw2      stm32f4xx_hal.o
    0x08002358   0x08002358   0x00000002   Code   RO         4713    i.HAL_I2C_AbortCpltCallback  stm32f4xx_hal_i2c.o
    0x0800235a   0x0800235a   0x00000002   Code   RO         4714    i.HAL_I2C_AddrCallback  stm32f4xx_hal_i2c.o
    0x0800235c   0x0800235c   0x000000ba   Code   RO         4717    i.HAL_I2C_ER_IRQHandler  stm32f4xx_hal_i2c.o
    0x08002416   0x08002416   0x00000230   Code   RO         4718    i.HAL_I2C_EV_IRQHandler  stm32f4xx_hal_i2c.o
    0x08002646   0x08002646   0x00000002   Code   RO          587    i.HAL_I2C_ErrorCallback  i2c.o
    0x08002648   0x08002648   0x00000188   Code   RO         4724    i.HAL_I2C_Init      stm32f4xx_hal_i2c.o
    0x080027d0   0x080027d0   0x00000002   Code   RO         4726    i.HAL_I2C_ListenCpltCallback  stm32f4xx_hal_i2c.o
    0x080027d2   0x080027d2   0x00000002   Code   RO         4727    i.HAL_I2C_MasterRxCpltCallback  stm32f4xx_hal_i2c.o
    0x080027d4   0x080027d4   0x00000002   Code   RO         4728    i.HAL_I2C_MasterTxCpltCallback  stm32f4xx_hal_i2c.o
    0x080027d6   0x080027d6   0x00000002   Code   RO          588    i.HAL_I2C_MemRxCpltCallback  i2c.o
    0x080027d8   0x080027d8   0x00000002   Code   RO         4741    i.HAL_I2C_MemTxCpltCallback  stm32f4xx_hal_i2c.o
    0x080027da   0x080027da   0x00000002   PAD
    0x080027dc   0x080027dc   0x00000204   Code   RO         4742    i.HAL_I2C_Mem_Read  stm32f4xx_hal_i2c.o
    0x080029e0   0x080029e0   0x00000130   Code   RO         4745    i.HAL_I2C_Mem_Write  stm32f4xx_hal_i2c.o
    0x08002b10   0x08002b10   0x000000fc   Code   RO          590    i.HAL_I2C_MspInit   i2c.o
    0x08002c0c   0x08002c0c   0x00000002   Code   RO         4750    i.HAL_I2C_SlaveRxCpltCallback  stm32f4xx_hal_i2c.o
    0x08002c0e   0x08002c0e   0x00000002   Code   RO         4751    i.HAL_I2C_SlaveTxCpltCallback  stm32f4xx_hal_i2c.o
    0x08002c10   0x08002c10   0x00000010   Code   RO         3902    i.HAL_IncTick       stm32f4xx_hal.o
    0x08002c20   0x08002c20   0x00000034   Code   RO         3903    i.HAL_Init          stm32f4xx_hal.o
    0x08002c54   0x08002c54   0x00000098   Code   RO          842    i.HAL_InitTick      stm32f4xx_hal_timebase_tim.o
    0x08002cec   0x08002cec   0x0000004c   Code   RO          818    i.HAL_MspInit       stm32f4xx_hal_msp.o
    0x08002d38   0x08002d38   0x00000022   Code   RO         3737    i.HAL_NVIC_DisableIRQ  stm32f4xx_hal_cortex.o
    0x08002d5a   0x08002d5a   0x0000001a   Code   RO         3738    i.HAL_NVIC_EnableIRQ  stm32f4xx_hal_cortex.o
    0x08002d74   0x08002d74   0x00000040   Code   RO         3744    i.HAL_NVIC_SetPriority  stm32f4xx_hal_cortex.o
    0x08002db4   0x08002db4   0x00000024   Code   RO         3745    i.HAL_NVIC_SetPriorityGrouping  stm32f4xx_hal_cortex.o
    0x08002dd8   0x08002dd8   0x00000002   Code   RO         2645    i.HAL_PCDEx_LPM_Callback  stm32f4xx_hal_pcd_ex.o
    0x08002dda   0x08002dda   0x00000008   Code   RO         2646    i.HAL_PCDEx_SetRxFiFo  stm32f4xx_hal_pcd_ex.o
    0x08002de2   0x08002de2   0x00000044   Code   RO         2647    i.HAL_PCDEx_SetTxFiFo  stm32f4xx_hal_pcd_ex.o
    0x08002e26   0x08002e26   0x00000008   Code   RO         1226    i.HAL_PCD_ConnectCallback  usbd_conf.o
    0x08002e2e   0x08002e2e   0x00000012   Code   RO         1227    i.HAL_PCD_DataInStageCallback  usbd_conf.o
    0x08002e40   0x08002e40   0x00000014   Code   RO         1228    i.HAL_PCD_DataOutStageCallback  usbd_conf.o
    0x08002e54   0x08002e54   0x00000008   Code   RO         1229    i.HAL_PCD_DisconnectCallback  usbd_conf.o
    0x08002e5c   0x08002e5c   0x0000001e   Code   RO         2415    i.HAL_PCD_EP_Abort  stm32f4xx_hal_pcd.o
    0x08002e7a   0x08002e7a   0x0000004a   Code   RO         2416    i.HAL_PCD_EP_Close  stm32f4xx_hal_pcd.o
    0x08002ec4   0x08002ec4   0x0000005a   Code   RO         2417    i.HAL_PCD_EP_ClrStall  stm32f4xx_hal_pcd.o
    0x08002f1e   0x08002f1e   0x00000012   Code   RO         2419    i.HAL_PCD_EP_GetRxCount  stm32f4xx_hal_pcd.o
    0x08002f30   0x08002f30   0x00000062   Code   RO         2420    i.HAL_PCD_EP_Open   stm32f4xx_hal_pcd.o
    0x08002f92   0x08002f92   0x00000038   Code   RO         2421    i.HAL_PCD_EP_Receive  stm32f4xx_hal_pcd.o
    0x08002fca   0x08002fca   0x00000072   Code   RO         2422    i.HAL_PCD_EP_SetStall  stm32f4xx_hal_pcd.o
    0x0800303c   0x0800303c   0x00000032   Code   RO         2423    i.HAL_PCD_EP_Transmit  stm32f4xx_hal_pcd.o
    0x0800306e   0x0800306e   0x00000002   PAD
    0x08003070   0x08003070   0x0000055c   Code   RO         2425    i.HAL_PCD_IRQHandler  stm32f4xx_hal_pcd.o
    0x080035cc   0x080035cc   0x00000008   Code   RO         1230    i.HAL_PCD_ISOINIncompleteCallback  usbd_conf.o
    0x080035d4   0x080035d4   0x00000008   Code   RO         1231    i.HAL_PCD_ISOOUTIncompleteCallback  usbd_conf.o
    0x080035dc   0x080035dc   0x000000cc   Code   RO         2428    i.HAL_PCD_Init      stm32f4xx_hal_pcd.o
    0x080036a8   0x080036a8   0x00000098   Code   RO         1233    i.HAL_PCD_MspInit   usbd_conf.o
    0x08003740   0x08003740   0x0000002c   Code   RO         1234    i.HAL_PCD_ResetCallback  usbd_conf.o
    0x0800376c   0x0800376c   0x00000008   Code   RO         1235    i.HAL_PCD_ResumeCallback  usbd_conf.o
    0x08003774   0x08003774   0x00000008   Code   RO         1236    i.HAL_PCD_SOFCallback  usbd_conf.o
    0x0800377c   0x0800377c   0x00000026   Code   RO         2434    i.HAL_PCD_SetAddress  stm32f4xx_hal_pcd.o
    0x080037a2   0x080037a2   0x0000000e   Code   RO         1237    i.HAL_PCD_SetupStageCallback  usbd_conf.o
    0x080037b0   0x080037b0   0x00000042   Code   RO         2437    i.HAL_PCD_Start     stm32f4xx_hal_pcd.o
    0x080037f2   0x080037f2   0x00000002   PAD
    0x080037f4   0x080037f4   0x00000030   Code   RO         1238    i.HAL_PCD_SuspendCallback  usbd_conf.o
    0x08003824   0x08003824   0x00000134   Code   RO         2992    i.HAL_RCC_ClockConfig  stm32f4xx_hal_rcc.o
    0x08003958   0x08003958   0x00000040   Code   RO         2996    i.HAL_RCC_GetClockConfig  stm32f4xx_hal_rcc.o
    0x08003998   0x08003998   0x0000000c   Code   RO         2997    i.HAL_RCC_GetHCLKFreq  stm32f4xx_hal_rcc.o
    0x080039a4   0x080039a4   0x00000020   Code   RO         2999    i.HAL_RCC_GetPCLK1Freq  stm32f4xx_hal_rcc.o
    0x080039c4   0x080039c4   0x00000020   Code   RO         3000    i.HAL_RCC_GetPCLK2Freq  stm32f4xx_hal_rcc.o
    0x080039e4   0x080039e4   0x00000064   Code   RO         3001    i.HAL_RCC_GetSysClockFreq  stm32f4xx_hal_rcc.o
    0x08003a48   0x08003a48   0x0000036c   Code   RO         3004    i.HAL_RCC_OscConfig  stm32f4xx_hal_rcc.o
    0x08003db4   0x08003db4   0x00000042   Code   RO         5173    i.HAL_SPI_DMAStop   stm32f4xx_hal_spi.o
    0x08003df6   0x08003df6   0x0000002e   Code   RO         5174    i.HAL_SPI_DeInit    stm32f4xx_hal_spi.o
    0x08003e24   0x08003e24   0x00000104   Code   RO          697    i.HAL_SPI_ErrorCallback  spi.o
    0x08003f28   0x08003f28   0x00000004   Code   RO         5176    i.HAL_SPI_GetError  stm32f4xx_hal_spi.o
    0x08003f2c   0x08003f2c   0x000000ca   Code   RO         5179    i.HAL_SPI_Init      stm32f4xx_hal_spi.o
    0x08003ff6   0x08003ff6   0x00000002   PAD
    0x08003ff8   0x08003ff8   0x0000004c   Code   RO          698    i.HAL_SPI_MspDeInit  spi.o
    0x08004044   0x08004044   0x00000100   Code   RO          699    i.HAL_SPI_MspInit   spi.o
    0x08004144   0x08004144   0x00000002   Code   RO         5185    i.HAL_SPI_RxCpltCallback  stm32f4xx_hal_spi.o
    0x08004146   0x08004146   0x00000002   Code   RO         5186    i.HAL_SPI_RxHalfCpltCallback  stm32f4xx_hal_spi.o
    0x08004148   0x08004148   0x0000012c   Code   RO         5189    i.HAL_SPI_TransmitReceive_DMA  stm32f4xx_hal_spi.o
    0x08004274   0x08004274   0x000000a8   Code   RO          700    i.HAL_SPI_TxRxCpltCallback  spi.o
    0x0800431c   0x0800431c   0x00000002   Code   RO         5196    i.HAL_SPI_TxRxHalfCpltCallback  stm32f4xx_hal_spi.o
    0x0800431e   0x0800431e   0x00000002   Code   RO         2139    i.HAL_TIMEx_BreakCallback  stm32f4xx_hal_tim_ex.o
    0x08004320   0x08004320   0x00000002   Code   RO         2140    i.HAL_TIMEx_CommutCallback  stm32f4xx_hal_tim_ex.o
    0x08004322   0x08004322   0x0000005a   Code   RO         1435    i.HAL_TIM_Base_Init  stm32f4xx_hal_tim.o
    0x0800437c   0x0800437c   0x00000002   Code   RO         1437    i.HAL_TIM_Base_MspInit  stm32f4xx_hal_tim.o
    0x0800437e   0x0800437e   0x00000002   PAD
    0x08004380   0x08004380   0x00000080   Code   RO         1440    i.HAL_TIM_Base_Start_IT  stm32f4xx_hal_tim.o
    0x08004400   0x08004400   0x00000002   Code   RO         1469    i.HAL_TIM_IC_CaptureCallback  stm32f4xx_hal_tim.o
    0x08004402   0x08004402   0x00000130   Code   RO         1483    i.HAL_TIM_IRQHandler  stm32f4xx_hal_tim.o
    0x08004532   0x08004532   0x00000002   Code   RO         1486    i.HAL_TIM_OC_DelayElapsedCallback  stm32f4xx_hal_tim.o
    0x08004534   0x08004534   0x00000002   Code   RO         1513    i.HAL_TIM_PWM_PulseFinishedCallback  stm32f4xx_hal_tim.o
    0x08004536   0x08004536   0x00000002   PAD
    0x08004538   0x08004538   0x00000014   Code   RO          642    i.HAL_TIM_PeriodElapsedCallback  main.o
    0x0800454c   0x0800454c   0x00000002   Code   RO         1526    i.HAL_TIM_TriggerCallback  stm32f4xx_hal_tim.o
    0x0800454e   0x0800454e   0x0000004a   Code   RO         5520    i.HAL_UARTEx_ReceiveToIdle_DMA  stm32f4xx_hal_uart.o
    0x08004598   0x08004598   0x00000098   Code   RO          751    i.HAL_UARTEx_RxEventCallback  usart.o
    0x08004630   0x08004630   0x00000036   Code   RO         5535    i.HAL_UART_DeInit   stm32f4xx_hal_uart.o
    0x08004666   0x08004666   0x00000002   Code   RO         5536    i.HAL_UART_ErrorCallback  stm32f4xx_hal_uart.o
    0x08004668   0x08004668   0x00000280   Code   RO         5539    i.HAL_UART_IRQHandler  stm32f4xx_hal_uart.o
    0x080048e8   0x080048e8   0x00000064   Code   RO         5540    i.HAL_UART_Init     stm32f4xx_hal_uart.o
    0x0800494c   0x0800494c   0x00000098   Code   RO          752    i.HAL_UART_MspDeInit  usart.o
    0x080049e4   0x080049e4   0x0000023c   Code   RO          753    i.HAL_UART_MspInit  usart.o
    0x08004c20   0x08004c20   0x00000002   Code   RO         5546    i.HAL_UART_RxCpltCallback  stm32f4xx_hal_uart.o
    0x08004c22   0x08004c22   0x00000002   Code   RO         5547    i.HAL_UART_RxHalfCpltCallback  stm32f4xx_hal_uart.o
    0x08004c24   0x08004c24   0x00000084   Code   RO         5549    i.HAL_UART_Transmit_DMA  stm32f4xx_hal_uart.o
    0x08004ca8   0x08004ca8   0x00000032   Code   RO         5550    i.HAL_UART_Transmit_IT  stm32f4xx_hal_uart.o
    0x08004cda   0x08004cda   0x00000002   PAD
    0x08004cdc   0x08004cdc   0x00000084   Code   RO          754    i.HAL_UART_TxCpltCallback  usart.o
    0x08004d60   0x08004d60   0x00000002   Code   RO         5552    i.HAL_UART_TxHalfCpltCallback  stm32f4xx_hal_uart.o
    0x08004d62   0x08004d62   0x00000002   Code   RO          893    i.HardFault_Handler  stm32f4xx_it.o
    0x08004d64   0x08004d64   0x0000000c   Code   RO          894    i.I2C2_ER_IRQHandler  stm32f4xx_it.o
    0x08004d70   0x08004d70   0x0000000c   Code   RO          895    i.I2C2_EV_IRQHandler  stm32f4xx_it.o
    0x08004d7c   0x08004d7c   0x000000bc   Code   RO         4762    i.I2C_DMAAbort      stm32f4xx_hal_i2c.o
    0x08004e38   0x08004e38   0x00000010   Code   RO         4765    i.I2C_Flush_DR      stm32f4xx_hal_i2c.o
    0x08004e48   0x08004e48   0x00000158   Code   RO         4766    i.I2C_ITError       stm32f4xx_hal_i2c.o
    0x08004fa0   0x08004fa0   0x0000002e   Code   RO         4767    i.I2C_IsAcknowledgeFailed  stm32f4xx_hal_i2c.o
    0x08004fce   0x08004fce   0x000000da   Code   RO         4768    i.I2C_MasterReceive_BTF  stm32f4xx_hal_i2c.o
    0x080050a8   0x080050a8   0x000000f4   Code   RO         4769    i.I2C_MasterReceive_RXNE  stm32f4xx_hal_i2c.o
    0x0800519c   0x0800519c   0x00000082   Code   RO         4772    i.I2C_MasterTransmit_BTF  stm32f4xx_hal_i2c.o
    0x0800521e   0x0800521e   0x00000002   PAD
    0x08005220   0x08005220   0x000000b6   Code   RO         4773    i.I2C_MasterTransmit_TXE  stm32f4xx_hal_i2c.o
    0x080052d6   0x080052d6   0x00000002   PAD
    0x080052d8   0x080052d8   0x00000118   Code   RO         4774    i.I2C_Master_ADDR   stm32f4xx_hal_i2c.o
    0x080053f0   0x080053f0   0x0000008c   Code   RO         4775    i.I2C_Master_SB     stm32f4xx_hal_i2c.o
    0x0800547c   0x0800547c   0x000000a8   Code   RO         4776    i.I2C_MemoryTransmit_TXE_BTF  stm32f4xx_hal_i2c.o
    0x08005524   0x08005524   0x000000fc   Code   RO         4777    i.I2C_RequestMemoryRead  stm32f4xx_hal_i2c.o
    0x08005620   0x08005620   0x000000a8   Code   RO         4778    i.I2C_RequestMemoryWrite  stm32f4xx_hal_i2c.o
    0x080056c8   0x080056c8   0x00000046   Code   RO         4779    i.I2C_Slave_ADDR    stm32f4xx_hal_i2c.o
    0x0800570e   0x0800570e   0x00000002   PAD
    0x08005710   0x08005710   0x00000090   Code   RO         4780    i.I2C_Slave_AF      stm32f4xx_hal_i2c.o
    0x080057a0   0x080057a0   0x0000015c   Code   RO         4781    i.I2C_Slave_STOPF   stm32f4xx_hal_i2c.o
    0x080058fc   0x080058fc   0x00000056   Code   RO         4782    i.I2C_WaitOnBTFFlagUntilTimeout  stm32f4xx_hal_i2c.o
    0x08005952   0x08005952   0x00000002   PAD
    0x08005954   0x08005954   0x00000090   Code   RO         4783    i.I2C_WaitOnFlagUntilTimeout  stm32f4xx_hal_i2c.o
    0x080059e4   0x080059e4   0x000000bc   Code   RO         4784    i.I2C_WaitOnMasterAddressFlagUntilTimeout  stm32f4xx_hal_i2c.o
    0x08005aa0   0x08005aa0   0x00000070   Code   RO         4785    i.I2C_WaitOnRXNEFlagUntilTimeout  stm32f4xx_hal_i2c.o
    0x08005b10   0x08005b10   0x00000056   Code   RO         4786    i.I2C_WaitOnTXEFlagUntilTimeout  stm32f4xx_hal_i2c.o
    0x08005b66   0x08005b66   0x00000002   PAD
    0x08005b68   0x08005b68   0x00000038   Code   RO         1082    i.IntToUnicode      usbd_desc.o
    0x08005ba0   0x08005ba0   0x0000008c   Code   RO         8075    i.MPU_Init          mpu6050.o
    0x08005c2c   0x08005c2c   0x0000002a   Code   RO         8076    i.MPU_Read_Byte     mpu6050.o
    0x08005c56   0x08005c56   0x00000020   Code   RO         8077    i.MPU_Read_Len      mpu6050.o
    0x08005c76   0x08005c76   0x0000000a   Code   RO         8078    i.MPU_Set_Accel_Fsr  mpu6050.o
    0x08005c80   0x08005c80   0x0000000a   Code   RO         8079    i.MPU_Set_Gyro_Fsr  mpu6050.o
    0x08005c8a   0x08005c8a   0x00000030   Code   RO         8080    i.MPU_Set_LPF       mpu6050.o
    0x08005cba   0x08005cba   0x00000034   Code   RO         8081    i.MPU_Set_Rate      mpu6050.o
    0x08005cee   0x08005cee   0x00000026   Code   RO         8082    i.MPU_Write_Byte    mpu6050.o
    0x08005d14   0x08005d14   0x00000064   Code   RO           15    i.MX_ADC1_Init      adc.o
    0x08005d78   0x08005d78   0x00000064   Code   RO           16    i.MX_ADC2_Init      adc.o
    0x08005ddc   0x08005ddc   0x00000078   Code   RO          195    i.MX_CAN1_Init      can.o
    0x08005e54   0x08005e54   0x00000078   Code   RO          196    i.MX_CAN2_Init      can.o
    0x08005ecc   0x08005ecc   0x00000024   Code   RO          263    i.MX_CRC_Init       crc.o
    0x08005ef0   0x08005ef0   0x000000ac   Code   RO          303    i.MX_DMA_Init       dma.o
    0x08005f9c   0x08005f9c   0x000000d4   Code   RO          381    i.MX_FREERTOS_Init  freertos.o
    0x08006070   0x08006070   0x000000e8   Code   RO          560    i.MX_GPIO_Init      gpio.o
    0x08006158   0x08006158   0x00000040   Code   RO          591    i.MX_I2C2_Init      i2c.o
    0x08006198   0x08006198   0x00000040   Code   RO          701    i.MX_SPI3_Init      spi.o
    0x080061d8   0x080061d8   0x00000050   Code   RO          755    i.MX_USART1_UART_Init  usart.o
    0x08006228   0x08006228   0x00000038   Code   RO          756    i.MX_USART3_UART_Init  usart.o
    0x08006260   0x08006260   0x00000050   Code   RO          757    i.MX_USART6_UART_Init  usart.o
    0x080062b0   0x080062b0   0x00000054   Code   RO         1047    i.MX_USB_DEVICE_Init  usb_device.o
    0x08006304   0x08006304   0x00000002   Code   RO          896    i.MemManage_Handler  stm32f4xx_it.o
    0x08006306   0x08006306   0x00000002   Code   RO          897    i.NMI_Handler       stm32f4xx_it.o
    0x08006308   0x08006308   0x0000000c   Code   RO          898    i.OTG_FS_IRQHandler  stm32f4xx_it.o
    0x08006314   0x08006314   0x000000cc   Code   RO         2441    i.PCD_EP_OutXfrComplete_int  stm32f4xx_hal_pcd.o
    0x080063e0   0x080063e0   0x000000a2   Code   RO         2442    i.PCD_WriteEmptyTxFifo  stm32f4xx_hal_pcd.o
    0x08006482   0x08006482   0x00000002   Code   RO          899    i.RCC_IRQHandler    stm32f4xx_it.o
    0x08006484   0x08006484   0x00000022   Code   RO         5209    i.SPI_DMAError      stm32f4xx_hal_spi.o
    0x080064a6   0x080064a6   0x0000000a   Code   RO         5210    i.SPI_DMAHalfReceiveCplt  stm32f4xx_hal_spi.o
    0x080064b0   0x080064b0   0x0000000a   Code   RO         5212    i.SPI_DMAHalfTransmitReceiveCplt  stm32f4xx_hal_spi.o
    0x080064ba   0x080064ba   0x000000aa   Code   RO         5213    i.SPI_DMAReceiveCplt  stm32f4xx_hal_spi.o
    0x08006564   0x08006564   0x0000009a   Code   RO         5216    i.SPI_DMATransmitReceiveCplt  stm32f4xx_hal_spi.o
    0x080065fe   0x080065fe   0x0000005c   Code   RO         5218    i.SPI_EndRxTransaction  stm32f4xx_hal_spi.o
    0x0800665a   0x0800665a   0x00000002   PAD
    0x0800665c   0x0800665c   0x0000006c   Code   RO         5219    i.SPI_EndRxTxTransaction  stm32f4xx_hal_spi.o
    0x080066c8   0x080066c8   0x000000bc   Code   RO         5226    i.SPI_WaitFlagStateUntilTimeout  stm32f4xx_hal_spi.o
    0x08006784   0x08006784   0x0000000a   Code   RO         7828    i.SWAPBYTE          usbd_ctlreq.o
    0x0800678e   0x0800678e   0x00000002   PAD
    0x08006790   0x08006790   0x00000080   Code   RO          382    i.StartADCRXTask    freertos.o
    0x08006810   0x08006810   0x0000001c   Code   RO          383    i.StartCANTXTask    freertos.o
    0x0800682c   0x0800682c   0x00000084   Code   RO          384    i.StartCDCRXTask    freertos.o
    0x080068b0   0x080068b0   0x00000048   Code   RO          385    i.StartCDCTXTask    freertos.o
    0x080068f8   0x080068f8   0x00000006   Code   RO          386    i.StartDataRXTask   freertos.o
    0x080068fe   0x080068fe   0x00000002   PAD
    0x08006900   0x08006900   0x0000004c   Code   RO          387    i.StartDefaultTask  freertos.o
    0x0800694c   0x0800694c   0x00000040   Code   RO          388    i.StartI2CRXTask    freertos.o
    0x0800698c   0x0800698c   0x00000020   Code   RO          389    i.StartRS485ATXTask  freertos.o
    0x080069ac   0x080069ac   0x00000020   Code   RO          390    i.StartRS485BTXTask  freertos.o
    0x080069cc   0x080069cc   0x00000020   Code   RO          391    i.StartSPIRXTask    freertos.o
    0x080069ec   0x080069ec   0x00000008   Code   RO          392    i.StartUSARTTXTask  freertos.o
    0x080069f4   0x080069f4   0x0000001a   Code   RO         7021    i.SysTick_Handler   cmsis_os2.o
    0x08006a0e   0x08006a0e   0x00000002   PAD
    0x08006a10   0x08006a10   0x00000098   Code   RO          643    i.SystemClock_Config  main.o
    0x08006aa8   0x08006aa8   0x00000010   Code   RO         5874    i.SystemInit        system_stm32f4xx_1.o
    0x08006ab8   0x08006ab8   0x0000000c   Code   RO          900    i.TIM8_UP_TIM13_IRQHandler  stm32f4xx_it.o
    0x08006ac4   0x08006ac4   0x000000d0   Code   RO         1528    i.TIM_Base_SetConfig  stm32f4xx_hal_tim.o
    0x08006b94   0x08006b94   0x0000000e   Code   RO         5553    i.UART_DMAAbortOnError  stm32f4xx_hal_uart.o
    0x08006ba2   0x08006ba2   0x0000004a   Code   RO         5554    i.UART_DMAError     stm32f4xx_hal_uart.o
    0x08006bec   0x08006bec   0x00000086   Code   RO         5555    i.UART_DMAReceiveCplt  stm32f4xx_hal_uart.o
    0x08006c72   0x08006c72   0x0000001e   Code   RO         5557    i.UART_DMARxHalfCplt  stm32f4xx_hal_uart.o
    0x08006c90   0x08006c90   0x00000042   Code   RO         5559    i.UART_DMATransmitCplt  stm32f4xx_hal_uart.o
    0x08006cd2   0x08006cd2   0x0000000a   Code   RO         5561    i.UART_DMATxHalfCplt  stm32f4xx_hal_uart.o
    0x08006cdc   0x08006cdc   0x0000004e   Code   RO         5563    i.UART_EndRxTransfer  stm32f4xx_hal_uart.o
    0x08006d2a   0x08006d2a   0x0000001c   Code   RO         5564    i.UART_EndTxTransfer  stm32f4xx_hal_uart.o
    0x08006d46   0x08006d46   0x000000c2   Code   RO         5565    i.UART_Receive_IT   stm32f4xx_hal_uart.o
    0x08006e08   0x08006e08   0x0000010c   Code   RO         5566    i.UART_SetConfig    stm32f4xx_hal_uart.o
    0x08006f14   0x08006f14   0x000000a0   Code   RO         5567    i.UART_Start_Receive_DMA  stm32f4xx_hal_uart.o
    0x08006fb4   0x08006fb4   0x00000020   Code   RO          901    i.USART1_IRQHandler  stm32f4xx_it.o
    0x08006fd4   0x08006fd4   0x0000000c   Code   RO          902    i.USART3_IRQHandler  stm32f4xx_it.o
    0x08006fe0   0x08006fe0   0x00000020   Code   RO          903    i.USART6_IRQHandler  stm32f4xx_it.o
    0x08007000   0x08007000   0x00000076   Code   RO         7966    i.USBD_CDC_DataIn   usbd_cdc.o
    0x08007076   0x08007076   0x0000003c   Code   RO         7967    i.USBD_CDC_DataOut  usbd_cdc.o
    0x080070b2   0x080070b2   0x00000002   PAD
    0x080070b4   0x080070b4   0x00000094   Code   RO         7968    i.USBD_CDC_DeInit   usbd_cdc.o
    0x08007148   0x08007148   0x00000036   Code   RO         7969    i.USBD_CDC_EP0_RxReady  usbd_cdc.o
    0x0800717e   0x0800717e   0x00000002   PAD
    0x08007180   0x08007180   0x0000000c   Code   RO         7970    i.USBD_CDC_GetDeviceQualifierDescriptor  usbd_cdc.o
    0x0800718c   0x0800718c   0x0000003c   Code   RO         7971    i.USBD_CDC_GetFSCfgDesc  usbd_cdc.o
    0x080071c8   0x080071c8   0x00000040   Code   RO         7972    i.USBD_CDC_GetHSCfgDesc  usbd_cdc.o
    0x08007208   0x08007208   0x0000003c   Code   RO         7973    i.USBD_CDC_GetOtherSpeedCfgDesc  usbd_cdc.o
    0x08007244   0x08007244   0x00000120   Code   RO         7974    i.USBD_CDC_Init     usbd_cdc.o
    0x08007364   0x08007364   0x00000038   Code   RO         7975    i.USBD_CDC_ReceivePacket  usbd_cdc.o
    0x0800739c   0x0800739c   0x00000016   Code   RO         7976    i.USBD_CDC_RegisterInterface  usbd_cdc.o
    0x080073b2   0x080073b2   0x0000001a   Code   RO         7977    i.USBD_CDC_SetRxBuffer  usbd_cdc.o
    0x080073cc   0x080073cc   0x0000001e   Code   RO         7978    i.USBD_CDC_SetTxBuffer  usbd_cdc.o
    0x080073ea   0x080073ea   0x000000d4   Code   RO         7979    i.USBD_CDC_Setup    usbd_cdc.o
    0x080074be   0x080074be   0x00000002   PAD
    0x080074c0   0x080074c0   0x00000050   Code   RO         7980    i.USBD_CDC_TransmitPacket  usbd_cdc.o
    0x08007510   0x08007510   0x00000014   Code   RO         7669    i.USBD_ClrClassConfig  usbd_core.o
    0x08007524   0x08007524   0x00000004   Code   RO         7670    i.USBD_CoreFindEP   usbd_core.o
    0x08007528   0x08007528   0x00000004   Code   RO         7671    i.USBD_CoreFindIF   usbd_core.o
    0x0800752c   0x0800752c   0x00000010   Code   RO         7906    i.USBD_CtlContinueRx  usbd_ioreq.o
    0x0800753c   0x0800753c   0x00000010   Code   RO         7907    i.USBD_CtlContinueSendData  usbd_ioreq.o
    0x0800754c   0x0800754c   0x00000016   Code   RO         7829    i.USBD_CtlError     usbd_ctlreq.o
    0x08007562   0x08007562   0x00000022   Code   RO         7908    i.USBD_CtlPrepareRx  usbd_ioreq.o
    0x08007584   0x08007584   0x00000016   Code   RO         7909    i.USBD_CtlReceiveStatus  usbd_ioreq.o
    0x0800759a   0x0800759a   0x0000001c   Code   RO         7910    i.USBD_CtlSendData  usbd_ioreq.o
    0x080075b6   0x080075b6   0x00000016   Code   RO         7911    i.USBD_CtlSendStatus  usbd_ioreq.o
    0x080075cc   0x080075cc   0x00000020   Code   RO         1083    i.USBD_FS_ConfigStrDescriptor  usbd_desc.o
    0x080075ec   0x080075ec   0x0000000c   Code   RO         1084    i.USBD_FS_DeviceDescriptor  usbd_desc.o
    0x080075f8   0x080075f8   0x00000024   Code   RO         1085    i.USBD_FS_InterfaceStrDescriptor  usbd_desc.o
    0x0800761c   0x0800761c   0x0000000c   Code   RO         1086    i.USBD_FS_LangIDStrDescriptor  usbd_desc.o
    0x08007628   0x08007628   0x00000028   Code   RO         1087    i.USBD_FS_ManufacturerStrDescriptor  usbd_desc.o
    0x08007650   0x08007650   0x00000030   Code   RO         1088    i.USBD_FS_ProductStrDescriptor  usbd_desc.o
    0x08007680   0x08007680   0x00000038   Code   RO         1089    i.USBD_FS_SerialStrDescriptor  usbd_desc.o
    0x080076b8   0x080076b8   0x000000e6   Code   RO         7830    i.USBD_GetDescriptor  usbd_ctlreq.o
    0x0800779e   0x0800779e   0x0000003a   Code   RO         7673    i.USBD_GetEpDesc    usbd_core.o
    0x080077d8   0x080077d8   0x00000014   Code   RO         7831    i.USBD_GetLen       usbd_ctlreq.o
    0x080077ec   0x080077ec   0x0000000e   Code   RO         7674    i.USBD_GetNextDesc  usbd_core.o
    0x080077fa   0x080077fa   0x0000004e   Code   RO         7832    i.USBD_GetString    usbd_ctlreq.o
    0x08007848   0x08007848   0x00000018   Code   RO         1239    i.USBD_Get_USB_Status  usbd_conf.o
    0x08007860   0x08007860   0x00000026   Code   RO         7675    i.USBD_Init         usbd_core.o
    0x08007886   0x08007886   0x00000012   Code   RO         1240    i.USBD_LL_ClearStallEP  usbd_conf.o
    0x08007898   0x08007898   0x00000012   Code   RO         1241    i.USBD_LL_CloseEP   usbd_conf.o
    0x080078aa   0x080078aa   0x000000b8   Code   RO         7676    i.USBD_LL_DataInStage  usbd_core.o
    0x08007962   0x08007962   0x00000094   Code   RO         7677    i.USBD_LL_DataOutStage  usbd_core.o
    0x080079f6   0x080079f6   0x00000004   Code   RO         7678    i.USBD_LL_DevConnected  usbd_core.o
    0x080079fa   0x080079fa   0x0000001e   Code   RO         7679    i.USBD_LL_DevDisconnected  usbd_core.o
    0x08007a18   0x08007a18   0x00000008   Code   RO         1245    i.USBD_LL_GetRxDataSize  usbd_conf.o
    0x08007a20   0x08007a20   0x00000060   Code   RO         1246    i.USBD_LL_Init      usbd_conf.o
    0x08007a80   0x08007a80   0x0000001e   Code   RO         1247    i.USBD_LL_IsStallEP  usbd_conf.o
    0x08007a9e   0x08007a9e   0x00000028   Code   RO         7680    i.USBD_LL_IsoINIncomplete  usbd_core.o
    0x08007ac6   0x08007ac6   0x00000028   Code   RO         7681    i.USBD_LL_IsoOUTIncomplete  usbd_core.o
    0x08007aee   0x08007aee   0x00000018   Code   RO         1248    i.USBD_LL_OpenEP    usbd_conf.o
    0x08007b06   0x08007b06   0x00000012   Code   RO         1249    i.USBD_LL_PrepareReceive  usbd_conf.o
    0x08007b18   0x08007b18   0x0000005e   Code   RO         7682    i.USBD_LL_Reset     usbd_core.o
    0x08007b76   0x08007b76   0x00000014   Code   RO         7683    i.USBD_LL_Resume    usbd_core.o
    0x08007b8a   0x08007b8a   0x0000001a   Code   RO         7684    i.USBD_LL_SOF       usbd_core.o
    0x08007ba4   0x08007ba4   0x00000006   Code   RO         7685    i.USBD_LL_SetSpeed  usbd_core.o
    0x08007baa   0x08007baa   0x00000012   Code   RO         1250    i.USBD_LL_SetUSBAddress  usbd_conf.o
    0x08007bbc   0x08007bbc   0x00000060   Code   RO         7686    i.USBD_LL_SetupStage  usbd_core.o
    0x08007c1c   0x08007c1c   0x00000012   Code   RO         1251    i.USBD_LL_StallEP   usbd_conf.o
    0x08007c2e   0x08007c2e   0x00000012   Code   RO         1252    i.USBD_LL_Start     usbd_conf.o
    0x08007c40   0x08007c40   0x0000001a   Code   RO         7687    i.USBD_LL_Suspend   usbd_core.o
    0x08007c5a   0x08007c5a   0x00000012   Code   RO         1254    i.USBD_LL_Transmit  usbd_conf.o
    0x08007c6c   0x08007c6c   0x0000002c   Code   RO         7833    i.USBD_ParseSetupRequest  usbd_ctlreq.o
    0x08007c98   0x08007c98   0x0000003a   Code   RO         7688    i.USBD_RegisterClass  usbd_core.o
    0x08007cd2   0x08007cd2   0x00000014   Code   RO         7690    i.USBD_SetClassConfig  usbd_core.o
    0x08007ce6   0x08007ce6   0x00000002   PAD
    0x08007ce8   0x08007ce8   0x000000b8   Code   RO         7834    i.USBD_SetConfig    usbd_ctlreq.o
    0x08007da0   0x08007da0   0x00000004   Code   RO         7691    i.USBD_Start        usbd_core.o
    0x08007da4   0x08007da4   0x0000012c   Code   RO         7835    i.USBD_StdDevReq    usbd_ctlreq.o
    0x08007ed0   0x08007ed0   0x00000166   Code   RO         7836    i.USBD_StdEPReq     usbd_ctlreq.o
    0x08008036   0x08008036   0x00000072   Code   RO         7837    i.USBD_StdItfReq    usbd_ctlreq.o
    0x080080a8   0x080080a8   0x00000002   Code   RO         1255    i.USBD_static_free  usbd_conf.o
    0x080080aa   0x080080aa   0x00000002   PAD
    0x080080ac   0x080080ac   0x00000008   Code   RO         1256    i.USBD_static_malloc  usbd_conf.o
    0x080080b4   0x080080b4   0x00000080   Code   RO         2687    i.USB_ActivateEndpoint  stm32f4xx_ll_usb.o
    0x08008134   0x08008134   0x0000001c   Code   RO         2689    i.USB_ActivateSetup  stm32f4xx_ll_usb.o
    0x08008150   0x08008150   0x00000084   Code   RO         2691    i.USB_CoreInit      stm32f4xx_ll_usb.o
    0x080081d4   0x080081d4   0x00000044   Code   RO         2692    i.USB_CoreReset     stm32f4xx_ll_usb.o
    0x08008218   0x08008218   0x000000cc   Code   RO         2695    i.USB_DeactivateEndpoint  stm32f4xx_ll_usb.o
    0x080082e4   0x080082e4   0x0000001c   Code   RO         2696    i.USB_DevConnect    stm32f4xx_ll_usb.o
    0x08008300   0x08008300   0x0000001c   Code   RO         2697    i.USB_DevDisconnect  stm32f4xx_ll_usb.o
    0x0800831c   0x0800831c   0x0000017c   Code   RO         2698    i.USB_DevInit       stm32f4xx_ll_usb.o
    0x08008498   0x08008498   0x0000000c   Code   RO         2699    i.USB_DisableGlobalInt  stm32f4xx_ll_usb.o
    0x080084a4   0x080084a4   0x00000058   Code   RO         2702    i.USB_EP0_OutStart  stm32f4xx_ll_usb.o
    0x080084fc   0x080084fc   0x00000058   Code   RO         2703    i.USB_EPClearStall  stm32f4xx_ll_usb.o
    0x08008554   0x08008554   0x00000058   Code   RO         2704    i.USB_EPSetStall    stm32f4xx_ll_usb.o
    0x080085ac   0x080085ac   0x00000238   Code   RO         2705    i.USB_EPStartXfer   stm32f4xx_ll_usb.o
    0x080087e4   0x080087e4   0x0000009e   Code   RO         2706    i.USB_EPStopXfer    stm32f4xx_ll_usb.o
    0x08008882   0x08008882   0x0000000c   Code   RO         2707    i.USB_EnableGlobalInt  stm32f4xx_ll_usb.o
    0x0800888e   0x0800888e   0x00000038   Code   RO         2708    i.USB_FlushRxFifo   stm32f4xx_ll_usb.o
    0x080088c6   0x080088c6   0x0000003c   Code   RO         2709    i.USB_FlushTxFifo   stm32f4xx_ll_usb.o
    0x08008902   0x08008902   0x0000001a   Code   RO         2711    i.USB_GetDevSpeed   stm32f4xx_ll_usb.o
    0x0800891c   0x0800891c   0x00000008   Code   RO         2713    i.USB_GetMode       stm32f4xx_ll_usb.o
    0x08008924   0x08008924   0x0000000e   Code   RO         2721    i.USB_ReadDevAllInEpInterrupt  stm32f4xx_ll_usb.o
    0x08008932   0x08008932   0x0000000e   Code   RO         2722    i.USB_ReadDevAllOutEpInterrupt  stm32f4xx_ll_usb.o
    0x08008940   0x08008940   0x00000024   Code   RO         2723    i.USB_ReadDevInEPInterrupt  stm32f4xx_ll_usb.o
    0x08008964   0x08008964   0x00000010   Code   RO         2724    i.USB_ReadDevOutEPInterrupt  stm32f4xx_ll_usb.o
    0x08008974   0x08008974   0x00000008   Code   RO         2725    i.USB_ReadInterrupts  stm32f4xx_ll_usb.o
    0x0800897c   0x0800897c   0x0000003e   Code   RO         2726    i.USB_ReadPacket    stm32f4xx_ll_usb.o
    0x080089ba   0x080089ba   0x0000005c   Code   RO         2728    i.USB_SetCurrentMode  stm32f4xx_ll_usb.o
    0x08008a16   0x08008a16   0x00000022   Code   RO         2729    i.USB_SetDevAddress  stm32f4xx_ll_usb.o
    0x08008a38   0x08008a38   0x000000e8   Code   RO         2731    i.USB_SetTurnaroundTime  stm32f4xx_ll_usb.o
    0x08008b20   0x08008b20   0x00000028   Code   RO         2734    i.USB_WritePacket   stm32f4xx_ll_usb.o
    0x08008b48   0x08008b48   0x00000002   Code   RO          904    i.UsageFault_Handler  stm32f4xx_it.o
    0x08008b4a   0x08008b4a   0x00000020   Code   RO         3751    i.__NVIC_SetPriority  stm32f4xx_hal_cortex.o
    0x08008b6a   0x08008b6a   0x00000002   PAD
    0x08008b6c   0x08008b6c   0x00000014   Code   RO         8168    i._check_mcu        libloop_function.lib(loop_function.o)
    0x08008b80   0x08008b80   0x00000028   Code   RO         8169    i._get_canrx_queue_buf  libloop_function.lib(loop_function.o)
    0x08008ba8   0x08008ba8   0x00000028   Code   RO         8170    i._get_canrx_queue_header  libloop_function.lib(loop_function.o)
    0x08008bd0   0x08008bd0   0x00000018   Code   RO         8177    i._get_cdc_cmd_atok  libloop_function.lib(loop_function.o)
    0x08008be8   0x08008be8   0x00000010   Code   RO         8178    i._get_cdc_cmd_atok_length  libloop_function.lib(loop_function.o)
    0x08008bf8   0x08008bf8   0x00000028   Code   RO         8179    i._get_cdcrx_queue_buf  libloop_function.lib(loop_function.o)
    0x08008c20   0x08008c20   0x00000028   Code   RO         8180    i._get_cdctx_queue_buf  libloop_function.lib(loop_function.o)
    0x08008c48   0x08008c48   0x00000020   Code   RO         8181    i._get_cdctx_queue_buf_size  libloop_function.lib(loop_function.o)
    0x08008c68   0x08008c68   0x00000028   Code   RO         8182    i._get_rs485Arx_queue_buf  libloop_function.lib(loop_function.o)
    0x08008c90   0x08008c90   0x00000028   Code   RO         8183    i._get_rs485Brx_queue_buf  libloop_function.lib(loop_function.o)
    0x08008cb8   0x08008cb8   0x00000010   Code   RO         8186    i._get_rs485rx_queue_buf_size  libloop_function.lib(loop_function.o)
    0x08008cc8   0x08008cc8   0x00000028   Code   RO         8193    i._get_spirx_queue_buf  libloop_function.lib(loop_function.o)
    0x08008cf0   0x08008cf0   0x00000010   Code   RO         8194    i._get_spirx_queue_buf_size  libloop_function.lib(loop_function.o)
    0x08008d00   0x08008d00   0x00000018   Code   RO         8195    i._get_spitx_buf    libloop_function.lib(loop_function.o)
    0x08008d18   0x08008d18   0x00000078   Code   RO         8196    i._get_spitx_msg    libloop_function.lib(loop_function.o)
    0x08008d90   0x08008d90   0x00000020   Code   RO         8197    i._init_cdcrx_queue  libloop_function.lib(loop_function.o)
    0x08008db0   0x08008db0   0x0000002c   Code   RO         8198    i._init_rs485_queue  libloop_function.lib(loop_function.o)
    0x08008ddc   0x08008ddc   0x00000020   Code   RO         8199    i._init_spirx_queue  libloop_function.lib(loop_function.o)
    0x08008dfc   0x08008dfc   0x00000038   Code   RO         8200    i._is_full_cdcrx_queue  libloop_function.lib(loop_function.o)
    0x08008e34   0x08008e34   0x0000002c   Code   RO         8203    i._pop_cdcrx_queue  libloop_function.lib(loop_function.o)
    0x08008e60   0x08008e60   0x0000002c   Code   RO         8204    i._pop_cdctx_queue  libloop_function.lib(loop_function.o)
    0x08008e8c   0x08008e8c   0x0000004c   Code   RO         8207    i._push_canrx_queue  libloop_function.lib(loop_function.o)
    0x08008ed8   0x08008ed8   0x0000003c   Code   RO         8208    i._push_cdcrx_queue  libloop_function.lib(loop_function.o)
    0x08008f14   0x08008f14   0x00000060   Code   RO         8209    i._push_rs485Arx_queue  libloop_function.lib(loop_function.o)
    0x08008f74   0x08008f74   0x00000060   Code   RO         8210    i._push_rs485Brx_queue  libloop_function.lib(loop_function.o)
    0x08008fd4   0x08008fd4   0x00000074   Code   RO         8211    i._push_spirx_queue  libloop_function.lib(loop_function.o)
    0x08009048   0x08009048   0x00000024   Code   RO         8214    i._reset_spirx_msglen  libloop_function.lib(loop_function.o)
    0x0800906c   0x0800906c   0x0000002c   Code   RO         8215    i._set_cdc_mode     libloop_function.lib(loop_function.o)
    0x08009098   0x08009098   0x00000018   Code   RO         8216    i._set_rs485a_tx    libloop_function.lib(loop_function.o)
    0x080090b0   0x080090b0   0x00000018   Code   RO         8217    i._set_rs485b_tx    libloop_function.lib(loop_function.o)
    0x080090c8   0x080090c8   0x000000b8   Code   RO         8218    i.cdc2can_tx_loop   libloop_function.lib(loop_function.o)
    0x08009180   0x08009180   0x00000094   Code   RO         8219    i.cdc2rs485a_tx_loop  libloop_function.lib(loop_function.o)
    0x08009214   0x08009214   0x00000094   Code   RO         8220    i.cdc2rs485b_tx_loop  libloop_function.lib(loop_function.o)
    0x080092a8   0x080092a8   0x00000016   Code   RO         8221    i.cdc_rx_loop       libloop_function.lib(loop_function.o)
    0x080092be   0x080092be   0x00000002   PAD
    0x080092c0   0x080092c0   0x0000061c   Code   RO         8222    i.cdc_rx_loop_helper  libloop_function.lib(loop_function.o)
    0x080098dc   0x080098dc   0x00000028   Code   RO         8223    i.cdc_tx_loop       libloop_function.lib(loop_function.o)
    0x08009904   0x08009904   0x00000026   Code   RO         8914    i.compute_sha256    libloop_function.lib(sha256.o)
    0x0800992a   0x0800992a   0x00000022   Code   RO         8893    i.crc_ccitt         libloop_function.lib(crc16.o)
    0x0800994c   0x0800994c   0x00000018   Code   RO         8894    i.crc_ccitt_byte    libloop_function.lib(crc16.o)
    0x08009964   0x08009964   0x0000043c   Code   RO         8224    i.data_rx_loop      libloop_function.lib(loop_function.o)
    0x08009da0   0x08009da0   0x00000002   Code   RO          330    i.error_assert      error.o
    0x08009da2   0x08009da2   0x00000002   Code   RO          331    i.error_assert_int  error.o
    0x08009da4   0x08009da4   0x00000020   Code   RO         8225    i.init_loop         libloop_function.lib(loop_function.o)
    0x08009dc4   0x08009dc4   0x000000dc   Code   RO         8226    i.init_task         libloop_function.lib(loop_function.o)
    0x08009ea0   0x08009ea0   0x00000058   Code   RO          644    i.main              main.o
    0x08009ef8   0x08009ef8   0x0000001a   Code   RO         7023    i.osDelay           cmsis_os2.o
    0x08009f12   0x08009f12   0x00000002   PAD
    0x08009f14   0x08009f14   0x00000024   Code   RO         7037    i.osKernelInitialize  cmsis_os2.o
    0x08009f38   0x08009f38   0x00000038   Code   RO         7040    i.osKernelStart     cmsis_os2.o
    0x08009f70   0x08009f70   0x0000008a   Code   RO         7082    i.osThreadNew       cmsis_os2.o
    0x08009ffa   0x08009ffa   0x00000002   PAD
    0x08009ffc   0x08009ffc   0x0000005c   Code   RO         6482    i.prvAddCurrentTaskToDelayedList  tasks.o
    0x0800a058   0x0800a058   0x000000d0   Code   RO         6483    i.prvAddNewTaskToReadyList  tasks.o
    0x0800a128   0x0800a128   0x00000058   Code   RO         6847    i.prvCheckForValidListAndQueue  timers.o
    0x0800a180   0x0800a180   0x00000026   Code   RO         6079    i.prvCopyDataFromQueue  queue.o
    0x0800a1a6   0x0800a1a6   0x0000006c   Code   RO         6080    i.prvCopyDataToQueue  queue.o
    0x0800a212   0x0800a212   0x00000034   Code   RO         6484    i.prvDeleteTCB      tasks.o
    0x0800a246   0x0800a246   0x00000002   PAD
    0x0800a248   0x0800a248   0x0000004c   Code   RO         7534    i.prvHeapInit       heap_4.o
    0x0800a294   0x0800a294   0x00000060   Code   RO         6485    i.prvIdleTask       tasks.o
    0x0800a2f4   0x0800a2f4   0x00000022   Code   RO         6082    i.prvInitialiseNewQueue  queue.o
    0x0800a316   0x0800a316   0x00000002   PAD
    0x0800a318   0x0800a318   0x000000b0   Code   RO         6486    i.prvInitialiseNewTask  tasks.o
    0x0800a3c8   0x0800a3c8   0x0000004c   Code   RO         7535    i.prvInsertBlockIntoFreeList  heap_4.o
    0x0800a414   0x0800a414   0x00000038   Code   RO         6849    i.prvInsertTimerInActiveList  timers.o
    0x0800a44c   0x0800a44c   0x0000001c   Code   RO         6083    i.prvIsQueueEmpty   queue.o
    0x0800a468   0x0800a468   0x000000fc   Code   RO         6850    i.prvProcessReceivedCommands  timers.o
    0x0800a564   0x0800a564   0x000000c0   Code   RO         6851    i.prvProcessTimerOrBlockTask  timers.o
    0x0800a624   0x0800a624   0x00000020   Code   RO         6488    i.prvResetNextTaskUnblockTime  tasks.o
    0x0800a644   0x0800a644   0x00000028   Code   RO         6852    i.prvSampleTimeNow  timers.o
    0x0800a66c   0x0800a66c   0x0000006c   Code   RO         6853    i.prvSwitchTimerLists  timers.o
    0x0800a6d8   0x0800a6d8   0x00000028   Code   RO         7590    i.prvTaskExitError  port.o
    0x0800a700   0x0800a700   0x00000024   Code   RO         6854    i.prvTimerTask      timers.o
    0x0800a724   0x0800a724   0x0000006a   Code   RO         6084    i.prvUnlockQueue    queue.o
    0x0800a78e   0x0800a78e   0x00000002   PAD
    0x0800a790   0x0800a790   0x000000dc   Code   RO         7536    i.pvPortMalloc      heap_4.o
    0x0800a86c   0x0800a86c   0x0000002c   Code   RO         7591    i.pxPortInitialiseStack  port.o
    0x0800a898   0x0800a898   0x0000013c   Code   RO         8915    i.sha256_final      libloop_function.lib(sha256.o)
    0x0800a9d4   0x0800a9d4   0x0000004c   Code   RO         8916    i.sha256_init       libloop_function.lib(sha256.o)
    0x0800aa20   0x0800aa20   0x00000234   Code   RO         8917    i.sha256_transform  libloop_function.lib(sha256.o)
    0x0800ac54   0x0800ac54   0x00000044   Code   RO         8918    i.sha256_update     libloop_function.lib(sha256.o)
    0x0800ac98   0x0800ac98   0x000000b8   Code   RO         8229    i.spi2can_tx_loop   libloop_function.lib(loop_function.o)
    0x0800ad50   0x0800ad50   0x00000094   Code   RO         8230    i.spi2rs485a_tx_loop  libloop_function.lib(loop_function.o)
    0x0800ade4   0x0800ade4   0x00000094   Code   RO         8231    i.spi2rs485b_tx_loop  libloop_function.lib(loop_function.o)
    0x0800ae78   0x0800ae78   0x00000944   Code   RO         8232    i.spi_rx_loop       libloop_function.lib(loop_function.o)
    0x0800b7bc   0x0800b7bc   0x000000a8   Code   RO         8233    i.update_can        libloop_function.lib(loop_function.o)
    0x0800b864   0x0800b864   0x00000094   Code   RO         8234    i.update_usart      libloop_function.lib(loop_function.o)
    0x0800b8f8   0x0800b8f8   0x00000026   Code   RO         6039    i.uxListRemove      list.o
    0x0800b91e   0x0800b91e   0x00000002   PAD
    0x0800b920   0x0800b920   0x00000014   Code   RO         7094    i.vApplicationGetIdleTaskMemory  cmsis_os2.o
    0x0800b934   0x0800b934   0x00000018   Code   RO         7095    i.vApplicationGetTimerTaskMemory  cmsis_os2.o
    0x0800b94c   0x0800b94c   0x00000016   Code   RO         6040    i.vListInitialise   list.o
    0x0800b962   0x0800b962   0x00000006   Code   RO         6041    i.vListInitialiseItem  list.o
    0x0800b968   0x0800b968   0x00000030   Code   RO         6042    i.vListInsert       list.o
    0x0800b998   0x0800b998   0x00000018   Code   RO         6043    i.vListInsertEnd    list.o
    0x0800b9b0   0x0800b9b0   0x00000040   Code   RO         7593    i.vPortEnterCritical  port.o
    0x0800b9f0   0x0800b9f0   0x00000028   Code   RO         7594    i.vPortExitCritical  port.o
    0x0800ba18   0x0800ba18   0x00000064   Code   RO         7537    i.vPortFree         heap_4.o
    0x0800ba7c   0x0800ba7c   0x00000024   Code   RO         7595    i.vPortSetupTimerInterrupt  port.o
    0x0800baa0   0x0800baa0   0x00000054   Code   RO         7596    i.vPortValidateInterruptPriority  port.o
    0x0800baf4   0x0800baf4   0x00000028   Code   RO         6090    i.vQueueAddToRegistry  queue.o
    0x0800bb1c   0x0800bb1c   0x00000044   Code   RO         6094    i.vQueueWaitForMessageRestricted  queue.o
    0x0800bb60   0x0800bb60   0x0000004c   Code   RO         6501    i.vTaskDelay        tasks.o
    0x0800bbac   0x0800bbac   0x00000010   Code   RO         6506    i.vTaskInternalSetTimeOutState  tasks.o
    0x0800bbbc   0x0800bbbc   0x0000000c   Code   RO         6507    i.vTaskMissedYield  tasks.o
    0x0800bbc8   0x0800bbc8   0x00000030   Code   RO         6509    i.vTaskPlaceOnEventList  tasks.o
    0x0800bbf8   0x0800bbf8   0x00000038   Code   RO         6510    i.vTaskPlaceOnEventListRestricted  tasks.o
    0x0800bc30   0x0800bc30   0x00000088   Code   RO         6518    i.vTaskStartScheduler  tasks.o
    0x0800bcb8   0x0800bcb8   0x00000010   Code   RO         6520    i.vTaskSuspendAll   tasks.o
    0x0800bcc8   0x0800bcc8   0x00000064   Code   RO         6521    i.vTaskSwitchContext  tasks.o
    0x0800bd2c   0x0800bd2c   0x0000006c   Code   RO         8235    i.verify_mcu_id_whitelist  libloop_function.lib(loop_function.o)
    0x0800bd98   0x0800bd98   0x000000f4   Code   RO         7597    i.xPortStartScheduler  port.o
    0x0800be8c   0x0800be8c   0x0000002c   Code   RO         7598    i.xPortSysTickHandler  port.o
    0x0800beb8   0x0800beb8   0x00000066   Code   RO         6100    i.xQueueGenericCreateStatic  queue.o
    0x0800bf1e   0x0800bf1e   0x00000002   PAD
    0x0800bf20   0x0800bf20   0x00000088   Code   RO         6101    i.xQueueGenericReset  queue.o
    0x0800bfa8   0x0800bfa8   0x00000160   Code   RO         6102    i.xQueueGenericSend  queue.o
    0x0800c108   0x0800c108   0x000000be   Code   RO         6103    i.xQueueGenericSendFromISR  queue.o
    0x0800c1c6   0x0800c1c6   0x00000002   PAD
    0x0800c1c8   0x0800c1c8   0x00000138   Code   RO         6112    i.xQueueReceive     queue.o
    0x0800c300   0x0800c300   0x00000074   Code   RO         6523    i.xTaskCheckForTimeOut  tasks.o
    0x0800c374   0x0800c374   0x0000005a   Code   RO         6524    i.xTaskCreate       tasks.o
    0x0800c3ce   0x0800c3ce   0x00000056   Code   RO         6525    i.xTaskCreateStatic  tasks.o
    0x0800c424   0x0800c424   0x0000001c   Code   RO         6529    i.xTaskGetSchedulerState  tasks.o
    0x0800c440   0x0800c440   0x0000000c   Code   RO         6530    i.xTaskGetTickCount  tasks.o
    0x0800c44c   0x0800c44c   0x000000c8   Code   RO         6532    i.xTaskIncrementTick  tasks.o
    0x0800c514   0x0800c514   0x00000080   Code   RO         6535    i.xTaskPriorityDisinherit  tasks.o
    0x0800c594   0x0800c594   0x00000070   Code   RO         6537    i.xTaskRemoveFromEventList  tasks.o
    0x0800c604   0x0800c604   0x000000c4   Code   RO         6538    i.xTaskResumeAll    tasks.o
    0x0800c6c8   0x0800c6c8   0x00000060   Code   RO         6863    i.xTimerCreateTimerTask  timers.o
    0x0800c728   0x0800c728   0x00000068   Code   RO         6864    i.xTimerGenericCommand  timers.o
    0x0800c790   0x0800c790   0x0000000a   Code   RO         9106    x$fpl$fpinit        fz_wm.l(fpinit.o)
    0x0800c79a   0x0800c79a   0x00000002   PAD
    0x0800c79c   0x0800c79c   0x0000018c   Data   RO          393    .constdata          freertos.o
    0x0800c928   0x0800c928   0x00000008   Data   RO         3465    .constdata          stm32f4xx_hal_dma.o
    0x0800c930   0x0800c930   0x00000010   Data   RO         5875    .constdata          system_stm32f4xx_1.o
    0x0800c940   0x0800c940   0x00000008   Data   RO         5876    .constdata          system_stm32f4xx_1.o
    0x0800c948   0x0800c948   0x00000040   Data   RO         8237    .constdata          libloop_function.lib(loop_function.o)
    0x0800c988   0x0800c988   0x00000200   Data   RO         8895    .constdata          libloop_function.lib(crc16.o)
    0x0800cb88   0x0800cb88   0x00000100   Data   RO         8919    .constdata          libloop_function.lib(sha256.o)
    0x0800cc88   0x0800cc88   0x0000008c   Data   RO          394    .conststring        freertos.o
    0x0800cd14   0x0800cd14   0x00000020   Data   RO         9164    Region$$Table       anon$$obj.o


    Execution Region RW_IRAM1 (Exec base: 0x20000000, Load base: 0x0800cd34, Size: 0x0000a698, Max: 0x0001c000, ABSOLUTE, COMPRESSED[0x000000d0])

    Exec Addr    Load Addr    Size         Type   Attr      Idx    E Section Name        Object

    0x20000000   COMPRESSED   0x00000004   Data   RW          198    .data               can.o
    0x20000004   COMPRESSED   0x00000008   Data   RW          264    .data               crc.o
    0x2000000c   COMPRESSED   0x0000002c   Data   RW          395    .data               freertos.o
    0x20000038   COMPRESSED   0x0000001c   Data   RW         1091    .data               usbd_desc.o
    0x20000054   COMPRESSED   0x00000032   Data   RW         1092    .data               usbd_desc.o
    0x20000086   COMPRESSED   0x00000002   PAD
    0x20000088   COMPRESSED   0x00000008   Data   RW         1175    .data               usbd_cdc_if.o
    0x20000090   COMPRESSED   0x00000014   Data   RW         1176    .data               usbd_cdc_if.o
    0x200000a4   COMPRESSED   0x0000000c   Data   RW         3910    .data               stm32f4xx_hal.o
    0x200000b0   COMPRESSED   0x00000004   Data   RW         5877    .data               system_stm32f4xx_1.o
    0x200000b4   COMPRESSED   0x0000003c   Data   RW         6541    .data               tasks.o
    0x200000f0   COMPRESSED   0x00000014   Data   RW         6872    .data               timers.o
    0x20000104   COMPRESSED   0x00000004   Data   RW         7097    .data               cmsis_os2.o
    0x20000108   COMPRESSED   0x00000020   Data   RW         7543    .data               heap_4.o
    0x20000128   COMPRESSED   0x0000000c   Data   RW         7599    .data               port.o
    0x20000134   COMPRESSED   0x00000001   Data   RW         7838    .data               usbd_ctlreq.o
    0x20000135   COMPRESSED   0x00000003   PAD
    0x20000138   COMPRESSED   0x00000053   Data   RW         7981    .data               usbd_cdc.o
    0x2000018b   COMPRESSED   0x00000001   PAD
    0x2000018c   COMPRESSED   0x00000038   Data   RW         7982    .data               usbd_cdc.o
    0x200001c4   COMPRESSED   0x00000014   Data   RW         8238    .data               libloop_function.lib(loop_function.o)
    0x200001d8        -       0x00000090   Zero   RW           17    .bss                adc.o
    0x20000268        -       0x00000050   Zero   RW          197    .bss                can.o
    0x200002b8        -       0x00000114   Zero   RW          592    .bss                i2c.o
    0x200003cc        -       0x00000118   Zero   RW          702    .bss                spi.o
    0x200004e4        -       0x00000258   Zero   RW          758    .bss                usart.o
    0x2000073c        -       0x00000048   Zero   RW          845    .bss                stm32f4xx_hal_timebase_tim.o
    0x20000784        -       0x000002dc   Zero   RW         1048    .bss                usb_device.o
    0x20000a60        -       0x00000200   Zero   RW         1090    .bss                usbd_desc.o
    0x20000c60        -       0x00001000   Zero   RW         1174    .bss                usbd_cdc_if.o
    0x20001c60        -       0x00000704   Zero   RW         1257    .bss                usbd_conf.o
    0x20002364        -       0x00000040   Zero   RW         6116    .bss                queue.o
    0x200023a4        -       0x000004c4   Zero   RW         6540    .bss                tasks.o
    0x20002868        -       0x00000118   Zero   RW         6871    .bss                timers.o
    0x20002980        -       0x000006b8   Zero   RW         7096    .bss                cmsis_os2.o
    0x20003038        -       0x00003c00   Zero   RW         7542    .bss                heap_4.o
    0x20006c38        -       0x00002e00   Zero   RW         8236    .bss                libloop_function.lib(loop_function.o)
    0x20009a38        -       0x00000060   Zero   RW         9036    .bss                c_w.l(libspace.o)
    0x20009a98        -       0x00000400   Zero   RW            2    HEAP                startup_stm32f407xx.o
    0x20009e98        -       0x00000800   Zero   RW            1    STACK               startup_stm32f407xx.o


    Execution Region RW_IRAM2 (Exec base: 0x2001c000, Load base: 0x0800ce04, Size: 0x00000000, Max: 0x00004000, ABSOLUTE)

    **** No section assigned to this execution region ****


==============================================================================

Image component sizes


      Code (inc. data)   RO Data    RW Data    ZI Data      Debug   Object Name

       344         42          0          0        144     742862   adc.o
       600         40          0          4         80       4830   can.o
       326         22          0          4       1720      65091   cmsis_os2.o
        76         18          0          8          0       1511   crc.o
       172          4          0          0          0        858   dma.o
         4          0          0          0          0        906   error.o
         0          0          0          0          0      19428   event_groups.o
       822        160        536         44          0      26778   freertos.o
       232         18          0          0          0       1027   gpio.o
       472         24          0         32      15360       4851   heap_4.o
       320         36          0          0        276       2867   i2c.o
       138          0          0          0          0       3534   list.o
       264         20          0          0          0       2796   main.o
       372          0          0          0          0       5465   mpu6050.o
       786         82          0         12          0      11461   port.o
      1514         20          0          0         64      17356   queue.o
       824         82          0          0        280       4166   spi.o
        64         26        392          0       3072        840   startup_stm32f407xx.o
       152         36          0         12          0      10295   stm32f4xx_hal.o
      1144         52          0          0          0       5825   stm32f4xx_hal_adc.o
      1796          6          0          0          0      15164   stm32f4xx_hal_can.o
       192         14          0          0          0      33720   stm32f4xx_hal_cortex.o
        34          0          0          0          0       1051   stm32f4xx_hal_crc.o
      1188         16          8          0          0       8626   stm32f4xx_hal_dma.o
       882         86          0          0          0       3763   stm32f4xx_hal_gpio.o
      5528         92          0          0          0      32320   stm32f4xx_hal_i2c.o
        76          6          0          0          0        874   stm32f4xx_hal_msp.o
      2576         12          0          0          0      13492   stm32f4xx_hal_pcd.o
        78          0          0          0          0       2385   stm32f4xx_hal_pcd_ex.o
      1424         92          0          0          0       6365   stm32f4xx_hal_rcc.o
      1390         38          0          0          0      11984   stm32f4xx_hal_spi.o
       740         72          0          0          0       7456   stm32f4xx_hal_tim.o
         4          0          0          0          0       1617   stm32f4xx_hal_tim_ex.o
       152         20          0          0         72       1472   stm32f4xx_hal_timebase_tim.o
      2114         40          0          0          0      16302   stm32f4xx_hal_uart.o
       258         98          0          0          0      12223   stm32f4xx_it.o
      2708        116          0          0          0      23148   stm32f4xx_ll_usb.o
         0          0          0          0          0        412   stream_buffer.o
        16          4         24          4          0       1115   system_stm32f4xx_1.o
      2084        168          0         60       1220      26804   tasks.o
       972         80          0         20        280      32039   timers.o
      1224        162          0          0        600       5364   usart.o
        84         18          0          0        732        804   usb_device.o
      1290         38          0        139          0      14329   usbd_cdc.o
       308         36          0         28       4096       3601   usbd_cdc_if.o
       662         22          0          0       1796      16728   usbd_conf.o
       934          0          0          0          0      15287   usbd_core.o
      1360         28          0          1          0      15284   usbd_ctlreq.o
       292        108          0         78        512       6149   usbd_desc.o
       138          0          0          0          0       4504   usbd_ioreq.o

    ----------------------------------------------------------------------
     39206       2054        992        452      30304    1267129   Object Totals
         0          0         32          0          0          0   (incl. Generated)
        76          0          0          6          0          0   (incl. Padding)

    ----------------------------------------------------------------------

      Code (inc. data)   RO Data    RW Data    ZI Data      Debug   Library Member Name

        90          0          0          0          0          0   __dczerorl2.o
         8          0          0          0          0         68   __main.o
         0          0          0          0          0          0   __rtentry.o
        12          0          0          0          0          0   __rtentry2.o
         6          0          0          0          0          0   __rtentry4.o
        52          8          0          0          0          0   __scatter.o
        28          0          0          0          0          0   __scatter_zi.o
        16          0          0          0          0         68   aeabi_memset.o
        18          0          0          0          0         80   exit.o
         6          0          0          0          0        152   heapauxi.o
         0          0          0          0          0          0   indicate_semi.o
         2          0          0          0          0          0   libinit.o
         6          0          0          0          0          0   libinit2.o
         2          0          0          0          0          0   libshutdown.o
         2          0          0          0          0          0   libshutdown2.o
         8          4          0          0         96         68   libspace.o
       238          0          0          0          0        100   lludivv7m.o
        68          0          0          0          0         68   rt_memclr.o
        78          0          0          0          0         80   rt_memclr_w.o
       138          0          0          0          0         68   rt_memcpy_v6.o
       100          0          0          0          0         80   rt_memcpy_w.o
         2          0          0          0          0          0   rtexit.o
        10          0          0          0          0          0   rtexit2.o
        12          4          0          0          0         68   sys_exit.o
        74          0          0          0          0         80   sys_stackheap_outer.o
         2          0          0          0          0         68   use_no_semi.o
        10          0          0          0          0        116   fpinit.o
        58          4        512          0          0       1807   crc16.o
      9384        378         64         20      11776     649134   loop_function.o
      1062         38        256          0          0       4633   sha256.o

    ----------------------------------------------------------------------
     11502        436        832         20      11872     656738   Library Totals
        10          0          0          0          0          0   (incl. Padding)

    ----------------------------------------------------------------------

      Code (inc. data)   RO Data    RW Data    ZI Data      Debug   Library Name

       978         16          0          0         96       1048   c_w.l
        10          0          0          0          0        116   fz_wm.l
     10504        420        832         20      11776     655574   libloop_function.lib

    ----------------------------------------------------------------------
     11502        436        832         20      11872     656738   Library Totals

    ----------------------------------------------------------------------

==============================================================================


      Code (inc. data)   RO Data    RW Data    ZI Data      Debug   

     50708       2490       1824        472      42176    1875099   Grand Totals
     50708       2490       1824        208      42176    1875099   ELF Image Totals (compressed)
     50708       2490       1824        208          0          0   ROM Totals

==============================================================================

    Total RO  Size (Code + RO Data)                52532 (  51.30kB)
    Total RW  Size (RW Data + ZI Data)             42648 (  41.65kB)
    Total ROM Size (Code + RO Data + RW Data)      52740 (  51.50kB)

==============================================================================

