<html>
<body>
<pre>
<h1>µVision Build Log</h1>
<h2>Tool Versions:</h2>
IDE-Version: ¦ÌVision V5.43.1.0
Copyright (C) 2025 ARM Ltd and ARM Germany GmbH. All rights reserved.
License Information: patrick wang, sanpo, LIC=76F5U-SGXYP-WFRI7-E5BYW-PG194-LN7SN
 
Tool Versions:
Toolchain:       MDK-ARM Plus  Version: 5.43.0.0
Toolchain Path:  D:\Arm\Keil5\ARM\ARMCOMPLIER506\Bin
C Compiler:      Armcc.exe V5.06 update 7 (build 960)
Assembler:       Armasm.exe V5.06 update 7 (build 960)
Linker/Locator:  ArmLink.exe V5.06 update 7 (build 960)
Library Manager: ArmAr.exe V5.06 update 7 (build 960)
Hex Converter:   FromElf.exe V5.06 update 7 (build 960)
CPU DLL:         SARMCM3.DLL V5.43.0.0
Dialog DLL:      DCM.DLL V1.17.5.0
Target DLL:      STLink\ST-LINKIII-KEIL_SWO.dll V3.3.1.0
Dialog DLL:      TCM.DLL V1.56.6.0
 
<h2>Project:</h2>
D:\mit_dog\sanpo\spine\Keil\keil\MDK-ARM\stm32f407V2.uvprojx
Project File Date:  01/09/2026

<h2>Output:</h2>
*** Using Compiler 'V5.06 update 7 (build 960)', folder: 'D:\Arm\Keil5\ARM\ARMCOMPLIER506\Bin'
Rebuild target 'stm32f407V2'
Note: source file '../Core/Src/system_stm32f4xx.c' - object file renamed from 'stm32f407V2\system_stm32f4xx.o' to 'stm32f407V2\system_stm32f4xx_1.o'.
assembling startup_stm32f407xx.s...
compiling i2c.c...
../Core/Inc/loop_function.h(37): warning:  #1295-D: Deprecated declaration _get_cdc_cmd_atok - give arg types
  uint8_t* _get_cdc_cmd_atok();
../Core/Inc/loop_function.h(38): warning:  #1295-D: Deprecated declaration _get_cdc_cmd_atok_length - give arg types
  uint32_t _get_cdc_cmd_atok_length();
../Core/Inc/loop_function.h(43): warning:  #1295-D: Deprecated declaration cdc_rx_loop - give arg types
  int cdc_rx_loop();
../Core/Inc/loop_function.h(44): warning:  #1295-D: Deprecated declaration cdc_tx_loop - give arg types
  int cdc_tx_loop();
../Core/Inc/loop_function.h(52): warning:  #1295-D: Deprecated declaration data_rx_loop - give arg types
  int data_rx_loop();
../Core/Inc/loop_function.h(53): warning:  #1295-D: Deprecated declaration init_loop - give arg types
  int init_loop();
..\Core\Src\i2c.c: 6 warnings, 0 errors
compiling can.c...
../Core/Inc/loop_function.h(37): warning:  #1295-D: Deprecated declaration _get_cdc_cmd_atok - give arg types
  uint8_t* _get_cdc_cmd_atok();
../Core/Inc/loop_function.h(38): warning:  #1295-D: Deprecated declaration _get_cdc_cmd_atok_length - give arg types
  uint32_t _get_cdc_cmd_atok_length();
../Core/Inc/loop_function.h(43): warning:  #1295-D: Deprecated declaration cdc_rx_loop - give arg types
  int cdc_rx_loop();
../Core/Inc/loop_function.h(44): warning:  #1295-D: Deprecated declaration cdc_tx_loop - give arg types
  int cdc_tx_loop();
../Core/Inc/loop_function.h(52): warning:  #1295-D: Deprecated declaration data_rx_loop - give arg types
  int data_rx_loop();
../Core/Inc/loop_function.h(53): warning:  #1295-D: Deprecated declaration init_loop - give arg types
  int init_loop();
..\Core\Src\can.c: 6 warnings, 0 errors
compiling error.c...
compiling dma.c...
compiling usart.c...
../Core/Inc/loop_function.h(37): warning:  #1295-D: Deprecated declaration _get_cdc_cmd_atok - give arg types
  uint8_t* _get_cdc_cmd_atok();
../Core/Inc/loop_function.h(38): warning:  #1295-D: Deprecated declaration _get_cdc_cmd_atok_length - give arg types
  uint32_t _get_cdc_cmd_atok_length();
../Core/Inc/loop_function.h(43): warning:  #1295-D: Deprecated declaration cdc_rx_loop - give arg types
  int cdc_rx_loop();
../Core/Inc/loop_function.h(44): warning:  #1295-D: Deprecated declaration cdc_tx_loop - give arg types
  int cdc_tx_loop();
../Core/Inc/loop_function.h(52): warning:  #1295-D: Deprecated declaration data_rx_loop - give arg types
  int data_rx_loop();
../Core/Inc/loop_function.h(53): warning:  #1295-D: Deprecated declaration init_loop - give arg types
  int init_loop();
..\Core\Src\usart.c: 6 warnings, 0 errors
compiling crc.c...
compiling gpio.c...
compiling adc.c...
compiling spi.c...
../Core/Inc/loop_function.h(37): warning:  #1295-D: Deprecated declaration _get_cdc_cmd_atok - give arg types
  uint8_t* _get_cdc_cmd_atok();
../Core/Inc/loop_function.h(38): warning:  #1295-D: Deprecated declaration _get_cdc_cmd_atok_length - give arg types
  uint32_t _get_cdc_cmd_atok_length();
../Core/Inc/loop_function.h(43): warning:  #1295-D: Deprecated declaration cdc_rx_loop - give arg types
  int cdc_rx_loop();
../Core/Inc/loop_function.h(44): warning:  #1295-D: Deprecated declaration cdc_tx_loop - give arg types
  int cdc_tx_loop();
../Core/Inc/loop_function.h(52): warning:  #1295-D: Deprecated declaration data_rx_loop - give arg types
  int data_rx_loop();
../Core/Inc/loop_function.h(53): warning:  #1295-D: Deprecated declaration init_loop - give arg types
  int init_loop();
..\Core\Src\spi.c: 6 warnings, 0 errors
compiling freertos.c...
../Core/Inc/loop_function.h(37): warning:  #1295-D: Deprecated declaration _get_cdc_cmd_atok - give arg types
  uint8_t* _get_cdc_cmd_atok();
../Core/Inc/loop_function.h(38): warning:  #1295-D: Deprecated declaration _get_cdc_cmd_atok_length - give arg types
  uint32_t _get_cdc_cmd_atok_length();
../Core/Inc/loop_function.h(43): warning:  #1295-D: Deprecated declaration cdc_rx_loop - give arg types
  int cdc_rx_loop();
../Core/Inc/loop_function.h(44): warning:  #1295-D: Deprecated declaration cdc_tx_loop - give arg types
  int cdc_tx_loop();
../Core/Inc/loop_function.h(52): warning:  #1295-D: Deprecated declaration data_rx_loop - give arg types
  int data_rx_loop();
../Core/Inc/loop_function.h(53): warning:  #1295-D: Deprecated declaration init_loop - give arg types
  int init_loop();
..\Core\Src\freertos.c: 6 warnings, 0 errors
compiling main.c...
../Core/Inc/loop_function.h(37): warning:  #1295-D: Deprecated declaration _get_cdc_cmd_atok - give arg types
  uint8_t* _get_cdc_cmd_atok();
../Core/Inc/loop_function.h(38): warning:  #1295-D: Deprecated declaration _get_cdc_cmd_atok_length - give arg types
  uint32_t _get_cdc_cmd_atok_length();
../Core/Inc/loop_function.h(43): warning:  #1295-D: Deprecated declaration cdc_rx_loop - give arg types
  int cdc_rx_loop();
../Core/Inc/loop_function.h(44): warning:  #1295-D: Deprecated declaration cdc_tx_loop - give arg types
  int cdc_tx_loop();
../Core/Inc/loop_function.h(52): warning:  #1295-D: Deprecated declaration data_rx_loop - give arg types
  int data_rx_loop();
../Core/Inc/loop_function.h(53): warning:  #1295-D: Deprecated declaration init_loop - give arg types
  int init_loop();
..\Core\Src\main.c(113): warning:  #188-D: enumerated type mixed with another type
    HAL_GPIO_WritePin(LED2_GPIO_Port, LED2_Pin, SET);
..\Core\Src\main.c: 7 warnings, 0 errors
compiling stm32f4xx_it.c...
../Core/Inc/loop_function.h(37): warning:  #1295-D: Deprecated declaration _get_cdc_cmd_atok - give arg types
  uint8_t* _get_cdc_cmd_atok();
../Core/Inc/loop_function.h(38): warning:  #1295-D: Deprecated declaration _get_cdc_cmd_atok_length - give arg types
  uint32_t _get_cdc_cmd_atok_length();
../Core/Inc/loop_function.h(43): warning:  #1295-D: Deprecated declaration cdc_rx_loop - give arg types
  int cdc_rx_loop();
../Core/Inc/loop_function.h(44): warning:  #1295-D: Deprecated declaration cdc_tx_loop - give arg types
  int cdc_tx_loop();
../Core/Inc/loop_function.h(52): warning:  #1295-D: Deprecated declaration data_rx_loop - give arg types
  int data_rx_loop();
../Core/Inc/loop_function.h(53): warning:  #1295-D: Deprecated declaration init_loop - give arg types
  int init_loop();
..\Core\Src\stm32f4xx_it.c: 6 warnings, 0 errors
compiling usbd_desc.c...
compiling stm32f4xx_hal_msp.c...
compiling stm32f4xx_hal_pcd_ex.c...
compiling stm32f4xx_hal_timebase_tim.c...
compiling usb_device.c...
compiling stm32f4xx_hal_pcd.c...
compiling usbd_cdc_if.c...
../Core/Inc/loop_function.h(37): warning:  #1295-D: Deprecated declaration _get_cdc_cmd_atok - give arg types
  uint8_t* _get_cdc_cmd_atok();
../Core/Inc/loop_function.h(38): warning:  #1295-D: Deprecated declaration _get_cdc_cmd_atok_length - give arg types
  uint32_t _get_cdc_cmd_atok_length();
../Core/Inc/loop_function.h(43): warning:  #1295-D: Deprecated declaration cdc_rx_loop - give arg types
  int cdc_rx_loop();
../Core/Inc/loop_function.h(44): warning:  #1295-D: Deprecated declaration cdc_tx_loop - give arg types
  int cdc_tx_loop();
../Core/Inc/loop_function.h(52): warning:  #1295-D: Deprecated declaration data_rx_loop - give arg types
  int data_rx_loop();
../Core/Inc/loop_function.h(53): warning:  #1295-D: Deprecated declaration init_loop - give arg types
  int init_loop();
../USB_DEVICE/App/usbd_cdc_if.c(320): warning:  #111-D: statement is unreachable
    return (USBD_OK);
../USB_DEVICE/App/usbd_cdc_if.c: 7 warnings, 0 errors
compiling usbd_conf.c...
compiling stm32f4xx_hal_tim_ex.c...
compiling stm32f4xx_hal_tim.c...
compiling stm32f4xx_hal_flash_ex.c...
compiling stm32f4xx_hal_gpio.c...
compiling stm32f4xx_hal_flash_ramfunc.c...
compiling stm32f4xx_hal_pwr_ex.c...
compiling stm32f4xx_hal_flash.c...
compiling stm32f4xx_hal_dma.c...
compiling stm32f4xx_hal_pwr.c...
compiling stm32f4xx_ll_adc.c...
compiling stm32f4xx_hal_rcc_ex.c...
compiling stm32f4xx_hal_dma_ex.c...
compiling stm32f4xx_ll_usb.c...
compiling stm32f4xx_hal_rcc.c...
compiling stm32f4xx_hal_i2c_ex.c...
compiling stm32f4xx_hal_crc.c...
compiling croutine.c...
compiling stm32f4xx_hal_exti.c...
compiling stm32f4xx_hal.c...
compiling stm32f4xx_hal_adc_ex.c...
compiling stm32f4xx_hal_cortex.c...
compiling stm32f4xx_hal_adc.c...
compiling event_groups.c...
compiling list.c...
compiling stm32f4xx_hal_can.c...
compiling stream_buffer.c...
compiling queue.c...
compiling heap_4.c...
compiling timers.c...
compiling tasks.c...
compiling port.c...
compiling stm32f4xx_hal_uart.c...
compiling stm32f4xx_hal_spi.c...
compiling stm32f4xx_hal_i2c.c...
compiling system_stm32f4xx.c...
compiling usbd_cdc.c...
compiling usbd_ioreq.c...
compiling mpu6050.c...
compiling usbd_ctlreq.c...
compiling usbd_core.c...
compiling cmsis_os2.c...
linking...
Program Size: Code=50708 RO-data=1824 RW-data=472 ZI-data=42176  
FromELF: creating hex file...
"stm32f407V2\stm32f407V2.axf" - 0 Error(s), 50 Warning(s).

<h2>Software Packages used:</h2>

Package Vendor: ARM
                https://www.keil.com/pack/ARM.CMSIS.6.2.0.pack
                ARM::CMSIS@6.2.0
                CMSIS (Common Microcontroller Software Interface Standard)
   * Component: CORE Version: 6.1.1

Package Vendor: Keil
                https://www.keil.com/pack/Keil.STM32F4xx_DFP.3.1.1.pack
                Keil::STM32F4xx_DFP@3.1.1
                STMicroelectronics STM32F4 Series Device Support

<h2>Collection of Component include folders:</h2>
  ./RTE/_stm32f407V2
  D:/Arm/Packs/ARM/CMSIS/6.2.0/CMSIS/Core/Include

<h2>Collection of Component Files used:</h2>

   * Component: ARM::CMSIS:CORE@6.1.1
Build Time Elapsed:  00:00:26
</pre>
</body>
</html>
